Archive member included to satisfy reference by file (symbol)

c:/st/stm32cubeide_1.3.0/stm32cubeide/plugins/com.st.stm32cube.ide.mcu.externaltools.gnu-tools-for-stm32.7-2018-q2-update.win32_1.0.0.201904181610/tools/bin/../lib/gcc/arm-none-eabi/7.3.1/../../../../arm-none-eabi/lib/thumb/v7e-m/fpv4-sp/hard\libc_nano.a(lib_a-errno.o)
                              Core/Src/syscalls.o (__errno)
c:/st/stm32cubeide_1.3.0/stm32cubeide/plugins/com.st.stm32cube.ide.mcu.externaltools.gnu-tools-for-stm32.7-2018-q2-update.win32_1.0.0.201904181610/tools/bin/../lib/gcc/arm-none-eabi/7.3.1/../../../../arm-none-eabi/lib/thumb/v7e-m/fpv4-sp/hard\libc_nano.a(lib_a-exit.o)
                              c:/st/stm32cubeide_1.3.0/stm32cubeide/plugins/com.st.stm32cube.ide.mcu.externaltools.gnu-tools-for-stm32.7-2018-q2-update.win32_1.0.0.201904181610/tools/bin/../lib/gcc/arm-none-eabi/7.3.1/../../../../arm-none-eabi/lib/thumb/v7e-m/fpv4-sp/hard/crt0.o (exit)
c:/st/stm32cubeide_1.3.0/stm32cubeide/plugins/com.st.stm32cube.ide.mcu.externaltools.gnu-tools-for-stm32.7-2018-q2-update.win32_1.0.0.201904181610/tools/bin/../lib/gcc/arm-none-eabi/7.3.1/../../../../arm-none-eabi/lib/thumb/v7e-m/fpv4-sp/hard\libc_nano.a(lib_a-impure.o)
                              c:/st/stm32cubeide_1.3.0/stm32cubeide/plugins/com.st.stm32cube.ide.mcu.externaltools.gnu-tools-for-stm32.7-2018-q2-update.win32_1.0.0.201904181610/tools/bin/../lib/gcc/arm-none-eabi/7.3.1/../../../../arm-none-eabi/lib/thumb/v7e-m/fpv4-sp/hard\libc_nano.a(lib_a-exit.o) (_global_impure_ptr)
c:/st/stm32cubeide_1.3.0/stm32cubeide/plugins/com.st.stm32cube.ide.mcu.externaltools.gnu-tools-for-stm32.7-2018-q2-update.win32_1.0.0.201904181610/tools/bin/../lib/gcc/arm-none-eabi/7.3.1/../../../../arm-none-eabi/lib/thumb/v7e-m/fpv4-sp/hard\libc_nano.a(lib_a-init.o)
                              c:/st/stm32cubeide_1.3.0/stm32cubeide/plugins/com.st.stm32cube.ide.mcu.externaltools.gnu-tools-for-stm32.7-2018-q2-update.win32_1.0.0.201904181610/tools/bin/../lib/gcc/arm-none-eabi/7.3.1/../../../../arm-none-eabi/lib/thumb/v7e-m/fpv4-sp/hard/crt0.o (__libc_init_array)
c:/st/stm32cubeide_1.3.0/stm32cubeide/plugins/com.st.stm32cube.ide.mcu.externaltools.gnu-tools-for-stm32.7-2018-q2-update.win32_1.0.0.201904181610/tools/bin/../lib/gcc/arm-none-eabi/7.3.1/../../../../arm-none-eabi/lib/thumb/v7e-m/fpv4-sp/hard\libc_nano.a(lib_a-malloc.o)
                              Core/Src/File_Handling.o (malloc)
c:/st/stm32cubeide_1.3.0/stm32cubeide/plugins/com.st.stm32cube.ide.mcu.externaltools.gnu-tools-for-stm32.7-2018-q2-update.win32_1.0.0.201904181610/tools/bin/../lib/gcc/arm-none-eabi/7.3.1/../../../../arm-none-eabi/lib/thumb/v7e-m/fpv4-sp/hard\libc_nano.a(lib_a-memcpy-stub.o)
                              Middlewares/ST/STM32_USB_Host_Library/Class/MSC/Src/usbh_msc.o (memcpy)
c:/st/stm32cubeide_1.3.0/stm32cubeide/plugins/com.st.stm32cube.ide.mcu.externaltools.gnu-tools-for-stm32.7-2018-q2-update.win32_1.0.0.201904181610/tools/bin/../lib/gcc/arm-none-eabi/7.3.1/../../../../arm-none-eabi/lib/thumb/v7e-m/fpv4-sp/hard\libc_nano.a(lib_a-memset.o)
                              c:/st/stm32cubeide_1.3.0/stm32cubeide/plugins/com.st.stm32cube.ide.mcu.externaltools.gnu-tools-for-stm32.7-2018-q2-update.win32_1.0.0.201904181610/tools/bin/../lib/gcc/arm-none-eabi/7.3.1/../../../../arm-none-eabi/lib/thumb/v7e-m/fpv4-sp/hard/crt0.o (memset)
c:/st/stm32cubeide_1.3.0/stm32cubeide/plugins/com.st.stm32cube.ide.mcu.externaltools.gnu-tools-for-stm32.7-2018-q2-update.win32_1.0.0.201904181610/tools/bin/../lib/gcc/arm-none-eabi/7.3.1/../../../../arm-none-eabi/lib/thumb/v7e-m/fpv4-sp/hard\libc_nano.a(lib_a-nano-freer.o)
                              c:/st/stm32cubeide_1.3.0/stm32cubeide/plugins/com.st.stm32cube.ide.mcu.externaltools.gnu-tools-for-stm32.7-2018-q2-update.win32_1.0.0.201904181610/tools/bin/../lib/gcc/arm-none-eabi/7.3.1/../../../../arm-none-eabi/lib/thumb/v7e-m/fpv4-sp/hard\libc_nano.a(lib_a-malloc.o) (_free_r)
c:/st/stm32cubeide_1.3.0/stm32cubeide/plugins/com.st.stm32cube.ide.mcu.externaltools.gnu-tools-for-stm32.7-2018-q2-update.win32_1.0.0.201904181610/tools/bin/../lib/gcc/arm-none-eabi/7.3.1/../../../../arm-none-eabi/lib/thumb/v7e-m/fpv4-sp/hard\libc_nano.a(lib_a-nano-mallocr.o)
                              c:/st/stm32cubeide_1.3.0/stm32cubeide/plugins/com.st.stm32cube.ide.mcu.externaltools.gnu-tools-for-stm32.7-2018-q2-update.win32_1.0.0.201904181610/tools/bin/../lib/gcc/arm-none-eabi/7.3.1/../../../../arm-none-eabi/lib/thumb/v7e-m/fpv4-sp/hard\libc_nano.a(lib_a-malloc.o) (_malloc_r)
c:/st/stm32cubeide_1.3.0/stm32cubeide/plugins/com.st.stm32cube.ide.mcu.externaltools.gnu-tools-for-stm32.7-2018-q2-update.win32_1.0.0.201904181610/tools/bin/../lib/gcc/arm-none-eabi/7.3.1/../../../../arm-none-eabi/lib/thumb/v7e-m/fpv4-sp/hard\libc_nano.a(lib_a-sbrkr.o)
[...]
Memory Configuration

Name             Origin             Length             Attributes
RAM              0x0000000020000000 0x0000000000020000 xrw
FLASH            0x0000000008000000 0x0000000000080000 xr
*default*        0x0000000000000000 0xffffffffffffffff

Linker script and memory map

LOAD c:/st/stm32cubeide_1.3.0/stm32cubeide/plugins/com.st.stm32cube.ide.mcu.externaltools.gnu-tools-for-stm32.7-2018-q2-update.win32_1.0.0.201904181610/tools/bin/../lib/gcc/arm-none-eabi/7.3.1/thumb/v7e-m/fpv4-sp/hard/crti.o
LOAD c:/st/stm32cubeide_1.3.0/stm32cubeide/plugins/com.st.stm32cube.ide.mcu.externaltools.gnu-tools-for-stm32.7-2018-q2-update.win32_1.0.0.201904181610/tools/bin/../lib/gcc/arm-none-eabi/7.3.1/thumb/v7e-m/fpv4-sp/hard/crtbegin.o
LOAD c:/st/stm32cubeide_1.3.0/stm32cubeide/plugins/com.st.stm32cube.ide.mcu.externaltools.gnu-tools-for-stm32.7-2018-q2-update.win32_1.0.0.201904181610/tools/bin/../lib/gcc/arm-none-eabi/7.3.1/../../../../arm-none-eabi/lib/thumb/v7e-m/fpv4-sp/hard/crt0.o
LOAD Core/Src/File_Handling.o
LOAD Core/Src/main.o
LOAD Core/Src/stm32f4xx_hal_msp.o
LOAD Core/Src/stm32f4xx_it.o
LOAD Core/Src/syscalls.o
LOAD Core/Src/sysmem.o
LOAD Core/Src/system_stm32f4xx.o
LOAD Core/Startup/startup_stm32f411vetx.o
LOAD Drivers/STM32F4xx_HAL_Driver/Src/stm32f4xx_hal.o
LOAD Drivers/STM32F4xx_HAL_Driver/Src/stm32f4xx_hal_cortex.o
LOAD Drivers/STM32F4xx_HAL_Driver/Src/stm32f4xx_hal_dma.o
LOAD Drivers/STM32F4xx_HAL_Driver/Src/stm32f4xx_hal_dma_ex.o
LOAD Drivers/STM32F4xx_HAL_Driver/Src/stm32f4xx_hal_exti.o
LOAD Drivers/STM32F4xx_HAL_Driver/Src/stm32f4xx_hal_flash.o
LOAD Drivers/STM32F4xx_HAL_Driver/Src/stm32f4xx_hal_flash_ex.o
LOAD Drivers/STM32F4xx_HAL_Driver/Src/stm32f4xx_hal_flash_ramfunc.o
LOAD Drivers/STM32F4xx_HAL_Driver/Src/stm32f4xx_hal_gpio.o
LOAD Drivers/STM32F4xx_HAL_Driver/Src/stm32f4xx_hal_hcd.o
LOAD Drivers/STM32F4xx_HAL_Driver/Src/stm32f4xx_hal_pwr.o
LOAD Drivers/STM32F4xx_HAL_Driver/Src/stm32f4xx_hal_pwr_ex.o
LOAD Drivers/STM32F4xx_HAL_Driver/Src/stm32f4xx_hal_rcc.o
LOAD Drivers/STM32F4xx_HAL_Driver/Src/stm32f4xx_hal_rcc_ex.o
LOAD Drivers/STM32F4xx_HAL_Driver/Src/stm32f4xx_hal_tim.o
LOAD Drivers/STM32F4xx_HAL_Driver/Src/stm32f4xx_hal_tim_ex.o
LOAD Drivers/STM32F4xx_HAL_Driver/Src/stm32f4xx_hal_uart.o
LOAD Drivers/STM32F4xx_HAL_Driver/Src/stm32f4xx_ll_usb.o
LOAD FATFS/App/fatfs.o
LOAD FATFS/Target/usbh_diskio.o
LOAD Middlewares/ST/STM32_USB_Host_Library/Class/MSC/Src/usbh_msc.o
LOAD Middlewares/ST/STM32_USB_Host_Library/Class/MSC/Src/usbh_msc_bot.o
LOAD Middlewares/ST/STM32_USB_Host_Library/Class/MSC/Src/usbh_msc_scsi.o
LOAD Middlewares/ST/STM32_USB_Host_Library/Core/Src/usbh_core.o
LOAD Middlewares/ST/STM32_USB_Host_Library/Core/Src/usbh_ctlreq.o
LOAD Middlewares/ST/STM32_USB_Host_Library/Core/Src/usbh_ioreq.o
LOAD Middlewares/ST/STM32_USB_Host_Library/Core/Src/usbh_pipes.o
LOAD Middlewares/Third_Party/FatFs/src/diskio.o
LOAD Middlewares/Third_Party/FatFs/src/ff.o
LOAD Middlewares/Third_Party/FatFs/src/ff_gen_drv.o
LOAD Middlewares/Third_Party/FatFs/src/option/ccsbcs.o
LOAD Middlewares/Third_Party/FatFs/src/option/syscall.o
LOAD USB_HOST/App/usb_host.o
LOAD USB_HOST/Target/usbh_conf.o
LOAD USB_HOST/Target/usbh_platform.o
START GROUP
LOAD c:/st/stm32cubeide_1.3.0/stm32cubeide/plugins/com.st.stm32cube.ide.mcu.externaltools.gnu-tools-for-stm32.7-2018-q2-update.win32_1.0.0.201904181610/tools/bin/../lib/gcc/arm-none-eabi/7.3.1/../../../../arm-none-eabi/lib/thumb/v7e-m/fpv4-sp/hard\libc_nano.a
LOAD c:/st/stm32cubeide_1.3.0/stm32cubeide/plugins/com.st.stm32cube.ide.mcu.externaltools.gnu-tools-for-stm32.7-2018-q2-update.win32_1.0.0.201904181610/tools/bin/../lib/gcc/arm-none-eabi/7.3.1/../../../../arm-none-eabi/lib/thumb/v7e-m/fpv4-sp/hard\libm.a
END GROUP
START GROUP
LOAD c:/st/stm32cubeide_1.3.0/stm32cubeide/plugins/com.st.stm32cube.ide.mcu.externaltools.gnu-tools-for-stm32.7-2018-q2-update.win32_1.0.0.201904181610/tools/bin/../lib/gcc/arm-none-eabi/7.3.1/thumb/v7e-m/fpv4-sp/hard\libgcc.a
LOAD c:/st/stm32cubeide_1.3.0/stm32cubeide/plugins/com.st.stm32cube.ide.mcu.externaltools.gnu-tools-for-stm32.7-2018-q2-update.win32_1.0.0.201904181610/tools/bin/../lib/gcc/arm-none-eabi/7.3.1/../../../../arm-none-eabi/lib/thumb/v7e-m/fpv4-sp/hard\libc_nano.a
END GROUP
START GROUP
LOAD c:/st/stm32cubeide_1.3.0/stm32cubeide/plugins/com.st.stm32cube.ide.mcu.externaltools.gnu-tools-for-stm32.7-2018-q2-update.win32_1.0.0.201904181610/tools/bin/../lib/gcc/arm-none-eabi/7.3.1/thumb/v7e-m/fpv4-sp/hard\libgcc.a
LOAD c:/st/stm32cubeide_1.3.0/stm32cubeide/plugins/com.st.stm32cube.ide.mcu.externaltools.gnu-tools-for-stm32.7-2018-q2-update.win32_1.0.0.201904181610/tools/bin/../lib/gcc/arm-none-eabi/7.3.1/../../../../arm-none-eabi/lib/thumb/v7e-m/fpv4-sp/hard\libc_nano.a
LOAD c:/st/stm32cubeide_1.3.0/stm32cubeide/plugins/com.st.stm32cube.ide.mcu.externaltools.gnu-tools-for-stm32.7-2018-q2-update.win32_1.0.0.201904181610/tools/bin/../lib/gcc/arm-none-eabi/7.3.1/../../../../arm-none-eabi/lib/thumb/v7e-m/fpv4-sp/hard\libnosys.a
END GROUP
START GROUP
LOAD c:/st/stm32cubeide_1.3.0/stm32cubeide/plugins/com.st.stm32cube.ide.mcu.externaltools.gnu-tools-for-stm32.7-2018-q2-update.win32_1.0.0.201904181610/tools/bin/../lib/gcc/arm-none-eabi/7.3.1/thumb/v7e-m/fpv4-sp/hard\libgcc.a
LOAD c:/st/stm32cubeide_1.3.0/stm32cubeide/plugins/com.st.stm32cube.ide.mcu.externaltools.gnu-tools-for-stm32.7-2018-q2-update.win32_1.0.0.201904181610/tools/bin/../lib/gcc/arm-none-eabi/7.3.1/../../../../arm-none-eabi/lib/thumb/v7e-m/fpv4-sp/hard\libc_nano.a
LOAD c:/st/stm32cubeide_1.3.0/stm32cubeide/plugins/com.st.stm32cube.ide.mcu.externaltools.gnu-tools-for-stm32.7-2018-q2-update.win32_1.0.0.201904181610/tools/bin/../lib/gcc/arm-none-eabi/7.3.1/../../../../arm-none-eabi/lib/thumb/v7e-m/fpv4-sp/hard\libnosys.a
END GROUP
LOAD c:/st/stm32cubeide_1.3.0/stm32cubeide/plugins/com.st.stm32cube.ide.mcu.externaltools.gnu-tools-for-stm32.7-2018-q2-update.win32_1.0.0.201904181610/tools/bin/../lib/gcc/arm-none-eabi/7.3.1/thumb/v7e-m/fpv4-sp/hard/crtend.o
LOAD c:/st/stm32cubeide_1.3.0/stm32cubeide/plugins/com.st.stm32cube.ide.mcu.externaltools.gnu-tools-for-stm32.7-2018-q2-update.win32_1.0.0.201904181610/tools/bin/../lib/gcc/arm-none-eabi/7.3.1/thumb/v7e-m/fpv4-sp/hard/crtn.o
                0x0000000020020000                _estack = (ORIGIN (RAM) + LENGTH (RAM))
                0x0000000000000200                _Min_Heap_Size = 0x200
                0x0000000000000400                _Min_Stack_Size = 0x400

.isr_vector     0x0000000008000000      0x198
                0x0000000008000000                . = ALIGN (0x4)
 *(.isr_vector)
 .isr_vector    0x0000000008000000      0x198 Core/Startup/startup_stm32f411vetx.o
                0x0000000008000000                g_pfnVectors
                0x0000000008000198                . = ALIGN (0x4)

.text           0x00000000080001a0     0xe7bc
                0x00000000080001a0                . = ALIGN (0x4)
 *(.text)
 .text          0x00000000080001a0       0x40 c:/st/stm32cubeide_1.3.0/stm32cubeide/plugins/com.st.stm32cube.ide.mcu.externaltools.gnu-tools-for-stm32.7-2018-q2-update.win32_1.0.0.201904181610/tools/bin/../lib/gcc/arm-none-eabi/7.3.1/thumb/v7e-m/fpv4-sp/hard/crtbegin.o
 .text          0x00000000080001e0       0x14 c:/st/stm32cubeide_1.3.0/stm32cubeide/plugins/com.st.stm32cube.ide.mcu.externaltools.gnu-tools-for-stm32.7-2018-q2-update.win32_1.0.0.201904181610/tools/bin/../lib/gcc/arm-none-eabi/7.3.1/../../../../arm-none-eabi/lib/thumb/v7e-m/fpv4-sp/hard\libc_nano.a(lib_a-strcmp.o)
                0x00000000080001e0                strcmp
 .text          0x00000000080001f4       0x10 c:/st/stm32cubeide_1.3.0/stm32cubeide/plugins/com.st.stm32cube.ide.mcu.externaltools.gnu-tools-for-stm32.7-2018-q2-update.win32_1.0.0.201904181610/tools/bin/../lib/gcc/arm-none-eabi/7.3.1/../../../../arm-none-eabi/lib/thumb/v7e-m/fpv4-sp/hard\libc_nano.a(lib_a-strlen.o)
                0x00000000080001f4                strlen
 *fill*         0x0000000008000204        0xc 
 .text          0x0000000008000210       0xa0 c:/st/stm32cubeide_1.3.0/stm32cubeide/plugins/com.st.stm32cube.ide.mcu.externaltools.gnu-tools-for-stm32.7-2018-q2-update.win32_1.0.0.201904181610/tools/bin/../lib/gcc/arm-none-eabi/7.3.1/../../../../arm-none-eabi/lib/thumb/v7e-m/fpv4-sp/hard\libc_nano.a(lib_a-memchr.o)
                0x0000000008000210                memchr
 .text          0x00000000080002b0      0x378 c:/st/stm32cubeide_1.3.0/stm32cubeide/plugins/com.st.stm32cube.ide.mcu.externaltools.gnu-tools-for-stm32.7-2018-q2-update.win32_1.0.0.201904181610/tools/bin/../lib/gcc/arm-none-eabi/7.3.1/thumb/v7e-m/fpv4-sp/hard\libgcc.a(_arm_addsubdf3.o)
                0x00000000080002b0                __aeabi_drsub
                0x00000000080002b8                __aeabi_dsub
                0x00000000080002b8                __subdf3
                0x00000000080002bc                __aeabi_dadd
                0x00000000080002bc                __adddf3
                0x0000000008000534                __floatunsidf
                0x0000000008000534                __aeabi_ui2d
                0x0000000008000554                __floatsidf
                0x0000000008000554                __aeabi_i2d
                0x0000000008000578                __aeabi_f2d
                0x0000000008000578                __extendsfdf2
                0x00000000080005bc                __floatundidf
                0x00000000080005bc                __aeabi_ul2d
                0x00000000080005cc                __floatdidf
                0x00000000080005cc                __aeabi_l2d
 .text          0x0000000008000628      0x424 c:/st/stm32cubeide_1.3.0/stm32cubeide/plugins/com.st.stm32cube.ide.mcu.externaltools.gnu-tools-for-stm32.7-2018-q2-update.win32_1.0.0.201904181610/tools/bin/../lib/gcc/arm-none-eabi/7.3.1/thumb/v7e-m/fpv4-sp/hard\libgcc.a(_arm_muldivdf3.o)
                0x0000000008000628                __aeabi_dmul
                0x0000000008000628                __muldf3
                0x000000000800087c                __divdf3
                0x000000000800087c                __aeabi_ddiv
 .text          0x0000000008000a4c       0x40 c:/st/stm32cubeide_1.3.0/stm32cubeide/plugins/com.st.stm32cube.ide.mcu.externaltools.gnu-tools-for-stm32.7-2018-q2-update.win32_1.0.0.201904181610/tools/bin/../lib/gcc/arm-none-eabi/7.3.1/thumb/v7e-m/fpv4-sp/hard\libgcc.a(_arm_fixunsdfsi.o)
                0x0000000008000a4c                __aeabi_d2uiz
                0x0000000008000a4c                __fixunsdfsi
 .text          0x0000000008000a8c       0x30 c:/st/stm32cubeide_1.3.0/stm32cubeide/plugins/com.st.stm32cube.ide.mcu.externaltools.gnu-tools-for-stm32.7-2018-q2-update.win32_1.0.0.201904181610/tools/bin/../lib/gcc/arm-none-eabi/7.3.1/thumb/v7e-m/fpv4-sp/hard\libgcc.a(_aeabi_uldivmod.o)
                0x0000000008000a8c                __aeabi_uldivmod
 .text          0x0000000008000abc      0x2cc c:/st/stm32cubeide_1.3.0/stm32cubeide/plugins/com.st.stm32cube.ide.mcu.externaltools.gnu-tools-for-stm32.7-2018-q2-update.win32_1.0.0.201904181610/tools/bin/../lib/gcc/arm-none-eabi/7.3.1/thumb/v7e-m/fpv4-sp/hard\libgcc.a(_udivmoddi4.o)
                0x0000000008000abc                __udivmoddi4
 .text          0x0000000008000d88        0x4 c:/st/stm32cubeide_1.3.0/stm32cubeide/plugins/com.st.stm32cube.ide.mcu.externaltools.gnu-tools-for-stm32.7-2018-q2-update.win32_1.0.0.201904181610/tools/bin/../lib/gcc/arm-none-eabi/7.3.1/thumb/v7e-m/fpv4-sp/hard\libgcc.a(_dvmd_tls.o)
                0x0000000008000d88                __aeabi_idiv0
                0x0000000008000d88                __aeabi_ldiv0
 *(.text*)
 .text.Send_Uart
                0x0000000008000d8c       0x2c Core/Src/File_Handling.o
                0x0000000008000d8c                Send_Uart
 .text.Mount_USB
                0x0000000008000db8       0x44 Core/Src/File_Handling.o
                0x0000000008000db8                Mount_USB
 .text.Unmount_USB
                0x0000000008000dfc       0x40 Core/Src/File_Handling.o
                0x0000000008000dfc                Unmount_USB
 .text.Scan_USB
                0x0000000008000e3c      0x148 Core/Src/File_Handling.o
                0x0000000008000e3c                Scan_USB
 .text.Read_File
                0x0000000008000f84      0x1b0 Core/Src/File_Handling.o
                0x0000000008000f84                Read_File
 .text.Check_USB_Details
                0x0000000008001134       0xe8 Core/Src/File_Handling.o
                0x0000000008001134                Check_USB_Details
 .text.main     0x000000000800121c      0x558 Core/Src/main.o
                0x000000000800121c                main
 .text.SystemClock_Config
                0x0000000008001774       0xd0 Core/Src/main.o
                0x0000000008001774                SystemClock_Config
 .text.MX_USART2_UART_Init
                0x0000000008001844       0x54 Core/Src/main.o
 .text.MX_GPIO_Init
                0x0000000008001898       0xe8 Core/Src/main.o
 .text.Error_Handler
                0x0000000008001980        0xe Core/Src/main.o
                0x0000000008001980                Error_Handler
 *fill*         0x000000000800198e        0x2 
 .text.HAL_MspInit
                0x0000000008001990       0x50 Core/Src/stm32f4xx_hal_msp.o
                0x0000000008001990                HAL_MspInit
 .text.HAL_UART_MspInit
                0x00000000080019e0       0x90 Core/Src/stm32f4xx_hal_msp.o
                0x00000000080019e0                HAL_UART_MspInit
 .text.NMI_Handler
                0x0000000008001a70        0xe Core/Src/stm32f4xx_it.o
                0x0000000008001a70                NMI_Handler
 .text.HardFault_Handler
                0x0000000008001a7e        0x6 Core/Src/stm32f4xx_it.o
                0x0000000008001a7e                HardFault_Handler
 .text.MemManage_Handler
                0x0000000008001a84        0x6 Core/Src/stm32f4xx_it.o
                0x0000000008001a84                MemManage_Handler
 .text.BusFault_Handler
                0x0000000008001a8a        0x6 Core/Src/stm32f4xx_it.o
                0x0000000008001a8a                BusFault_Handler
 .text.UsageFault_Handler
                0x0000000008001a90        0x6 Core/Src/stm32f4xx_it.o
                0x0000000008001a90                UsageFault_Handler
 .text.SVC_Handler
                0x0000000008001a96        0xe Core/Src/stm32f4xx_it.o
                0x0000000008001a96                SVC_Handler
 .text.DebugMon_Handler
                0x0000000008001aa4        0xe Core/Src/stm32f4xx_it.o
                0x0000000008001aa4                DebugMon_Handler
 .text.PendSV_Handler
                0x0000000008001ab2        0xe Core/Src/stm32f4xx_it.o
                0x0000000008001ab2                PendSV_Handler
 .text.SysTick_Handler
                0x0000000008001ac0        0xc Core/Src/stm32f4xx_it.o
                0x0000000008001ac0                SysTick_Handler
 .text.OTG_FS_IRQHandler
                0x0000000008001acc       0x14 Core/Src/stm32f4xx_it.o
                0x0000000008001acc                OTG_FS_IRQHandler
 .text._sbrk    0x0000000008001ae0       0x58 Core/Src/sysmem.o
                0x0000000008001ae0                _sbrk
 .text.SystemInit
                0x0000000008001b38       0x2c Core/Src/system_stm32f4xx.o
                0x0000000008001b38                SystemInit
 .text.Reset_Handler
                0x0000000008001b64       0x50 Core/Startup/startup_stm32f411vetx.o
                0x0000000008001b64                Reset_Handler
 .text.Default_Handler
                0x0000000008001bb4        0x2 Core/Startup/startup_stm32f411vetx.o
                0x0000000008001bb4                RTC_Alarm_IRQHandler
                0x0000000008001bb4                EXTI2_IRQHandler
                0x0000000008001bb4                SPI4_IRQHandler
                0x0000000008001bb4                TIM1_CC_IRQHandler
                0x0000000008001bb4                DMA2_Stream5_IRQHandler
                0x0000000008001bb4                DMA1_Stream5_IRQHandler
                0x0000000008001bb4                PVD_IRQHandler
                0x0000000008001bb4                SDIO_IRQHandler
                0x0000000008001bb4                TAMP_STAMP_IRQHandler
                0x0000000008001bb4                EXTI3_IRQHandler
                0x0000000008001bb4                TIM1_UP_TIM10_IRQHandler
                0x0000000008001bb4                I2C3_ER_IRQHandler
                0x0000000008001bb4                EXTI0_IRQHandler
                0x0000000008001bb4                I2C2_EV_IRQHandler
                0x0000000008001bb4                DMA1_Stream2_IRQHandler
                0x0000000008001bb4                FPU_IRQHandler
                0x0000000008001bb4                DMA2_Stream2_IRQHandler
                0x0000000008001bb4                SPI1_IRQHandler
                0x0000000008001bb4                TIM1_BRK_TIM9_IRQHandler
                0x0000000008001bb4                DMA2_Stream3_IRQHandler
                0x0000000008001bb4                USART6_IRQHandler
                0x0000000008001bb4                DMA2_Stream0_IRQHandler
                0x0000000008001bb4                TIM4_IRQHandler
                0x0000000008001bb4                I2C1_EV_IRQHandler
                0x0000000008001bb4                DMA1_Stream6_IRQHandler
                0x0000000008001bb4                DMA1_Stream1_IRQHandler
                0x0000000008001bb4                TIM3_IRQHandler
                0x0000000008001bb4                RCC_IRQHandler
                0x0000000008001bb4                Default_Handler
                0x0000000008001bb4                EXTI15_10_IRQHandler
                0x0000000008001bb4                ADC_IRQHandler
                0x0000000008001bb4                DMA1_Stream7_IRQHandler
                0x0000000008001bb4                SPI5_IRQHandler
                0x0000000008001bb4                TIM5_IRQHandler
                0x0000000008001bb4                DMA2_Stream7_IRQHandler
                0x0000000008001bb4                I2C3_EV_IRQHandler
                0x0000000008001bb4                EXTI9_5_IRQHandler
                0x0000000008001bb4                RTC_WKUP_IRQHandler
                0x0000000008001bb4                SPI2_IRQHandler
                0x0000000008001bb4                DMA1_Stream0_IRQHandler
                0x0000000008001bb4                EXTI4_IRQHandler
                0x0000000008001bb4                WWDG_IRQHandler
                0x0000000008001bb4                TIM2_IRQHandler
                0x0000000008001bb4                OTG_FS_WKUP_IRQHandler
                0x0000000008001bb4                TIM1_TRG_COM_TIM11_IRQHandler
                0x0000000008001bb4                EXTI1_IRQHandler
                0x0000000008001bb4                USART2_IRQHandler
                0x0000000008001bb4                I2C2_ER_IRQHandler
                0x0000000008001bb4                DMA2_Stream1_IRQHandler
                0x0000000008001bb4                FLASH_IRQHandler
                0x0000000008001bb4                DMA2_Stream4_IRQHandler
                0x0000000008001bb4                USART1_IRQHandler
                0x0000000008001bb4                SPI3_IRQHandler
                0x0000000008001bb4                DMA1_Stream4_IRQHandler
                0x0000000008001bb4                I2C1_ER_IRQHandler
                0x0000000008001bb4                DMA2_Stream6_IRQHandler
                0x0000000008001bb4                DMA1_Stream3_IRQHandler
 *fill*         0x0000000008001bb6        0x2 
 .text.HAL_Init
                0x0000000008001bb8       0x44 Drivers/STM32F4xx_HAL_Driver/Src/stm32f4xx_hal.o
                0x0000000008001bb8                HAL_Init
 .text.HAL_InitTick
                0x0000000008001bfc       0x60 Drivers/STM32F4xx_HAL_Driver/Src/stm32f4xx_hal.o
                0x0000000008001bfc                HAL_InitTick
 .text.HAL_IncTick
                0x0000000008001c5c       0x28 Drivers/STM32F4xx_HAL_Driver/Src/stm32f4xx_hal.o
                0x0000000008001c5c                HAL_IncTick
 .text.HAL_GetTick
                0x0000000008001c84       0x18 Drivers/STM32F4xx_HAL_Driver/Src/stm32f4xx_hal.o
                0x0000000008001c84                HAL_GetTick
 .text.HAL_Delay
                0x0000000008001c9c       0x44 Drivers/STM32F4xx_HAL_Driver/Src/stm32f4xx_hal.o
                0x0000000008001c9c                HAL_Delay
 .text.__NVIC_SetPriorityGrouping
                0x0000000008001ce0       0x48 Drivers/STM32F4xx_HAL_Driver/Src/stm32f4xx_hal_cortex.o
 .text.__NVIC_GetPriorityGrouping
                0x0000000008001d28       0x1c Drivers/STM32F4xx_HAL_Driver/Src/stm32f4xx_hal_cortex.o
 .text.__NVIC_EnableIRQ
                0x0000000008001d44       0x3c Drivers/STM32F4xx_HAL_Driver/Src/stm32f4xx_hal_cortex.o
 .text.__NVIC_SetPriority
                0x0000000008001d80       0x54 Drivers/STM32F4xx_HAL_Driver/Src/stm32f4xx_hal_cortex.o
 .text.NVIC_EncodePriority
                0x0000000008001dd4       0x66 Drivers/STM32F4xx_HAL_Driver/Src/stm32f4xx_hal_cortex.o
 *fill*         0x0000000008001e3a        0x2 
 .text.SysTick_Config
                0x0000000008001e3c       0x44 Drivers/STM32F4xx_HAL_Driver/Src/stm32f4xx_hal_cortex.o
 .text.HAL_NVIC_SetPriorityGrouping
                0x0000000008001e80       0x16 Drivers/STM32F4xx_HAL_Driver/Src/stm32f4xx_hal_cortex.o
                0x0000000008001e80                HAL_NVIC_SetPriorityGrouping
 .text.HAL_NVIC_SetPriority
                0x0000000008001e96       0x38 Drivers/STM32F4xx_HAL_Driver/Src/stm32f4xx_hal_cortex.o
                0x0000000008001e96                HAL_NVIC_SetPriority
 .text.HAL_NVIC_EnableIRQ
                0x0000000008001ece       0x1c Drivers/STM32F4xx_HAL_Driver/Src/stm32f4xx_hal_cortex.o
                0x0000000008001ece                HAL_NVIC_EnableIRQ
 .text.HAL_SYSTICK_Config
                0x0000000008001eea       0x18 Drivers/STM32F4xx_HAL_Driver/Src/stm32f4xx_hal_cortex.o
                0x0000000008001eea                HAL_SYSTICK_Config
 *fill*         0x0000000008001f02        0x2 
 .text.HAL_GPIO_Init
                0x0000000008001f04      0x304 Drivers/STM32F4xx_HAL_Driver/Src/stm32f4xx_hal_gpio.o
                0x0000000008001f04                HAL_GPIO_Init
 .text.HAL_GPIO_ReadPin
                0x0000000008002208       0x30 Drivers/STM32F4xx_HAL_Driver/Src/stm32f4xx_hal_gpio.o
                0x0000000008002208                HAL_GPIO_ReadPin
 .text.HAL_GPIO_WritePin
                0x0000000008002238       0x32 Drivers/STM32F4xx_HAL_Driver/Src/stm32f4xx_hal_gpio.o
                0x0000000008002238                HAL_GPIO_WritePin
 .text.HAL_HCD_Init
                0x000000000800226a       0xc4 Drivers/STM32F4xx_HAL_Driver/Src/stm32f4xx_hal_hcd.o
                0x000000000800226a                HAL_HCD_Init
 .text.HAL_HCD_HC_Init
                0x000000000800232e      0x130 Drivers/STM32F4xx_HAL_Driver/Src/stm32f4xx_hal_hcd.o
                0x000000000800232e                HAL_HCD_HC_Init
 .text.HAL_HCD_HC_Halt
                0x000000000800245e       0x46 Drivers/STM32F4xx_HAL_Driver/Src/stm32f4xx_hal_hcd.o
                0x000000000800245e                HAL_HCD_HC_Halt
 .text.HAL_HCD_HC_SubmitRequest
                0x00000000080024a4      0x2e4 Drivers/STM32F4xx_HAL_Driver/Src/stm32f4xx_hal_hcd.o
                0x00000000080024a4                HAL_HCD_HC_SubmitRequest
 .text.HAL_HCD_IRQHandler
                0x0000000008002788      0x208 Drivers/STM32F4xx_HAL_Driver/Src/stm32f4xx_hal_hcd.o
                0x0000000008002788                HAL_HCD_IRQHandler
 .text.HAL_HCD_Start
                0x0000000008002990       0x46 Drivers/STM32F4xx_HAL_Driver/Src/stm32f4xx_hal_hcd.o
                0x0000000008002990                HAL_HCD_Start
 .text.HAL_HCD_Stop
                0x00000000080029d6       0x3a Drivers/STM32F4xx_HAL_Driver/Src/stm32f4xx_hal_hcd.o
                0x00000000080029d6                HAL_HCD_Stop
 .text.HAL_HCD_ResetPort
                0x0000000008002a10       0x1c Drivers/STM32F4xx_HAL_Driver/Src/stm32f4xx_hal_hcd.o
                0x0000000008002a10                HAL_HCD_ResetPort
 .text.HAL_HCD_HC_GetURBState
                0x0000000008002a2c       0x2a Drivers/STM32F4xx_HAL_Driver/Src/stm32f4xx_hal_hcd.o
                0x0000000008002a2c                HAL_HCD_HC_GetURBState
 .text.HAL_HCD_HC_GetXferCount
                0x0000000008002a56       0x2a Drivers/STM32F4xx_HAL_Driver/Src/stm32f4xx_hal_hcd.o
                0x0000000008002a56                HAL_HCD_HC_GetXferCount
 .text.HAL_HCD_GetCurrentFrame
                0x0000000008002a80       0x1c Drivers/STM32F4xx_HAL_Driver/Src/stm32f4xx_hal_hcd.o
                0x0000000008002a80                HAL_HCD_GetCurrentFrame
 .text.HAL_HCD_GetCurrentSpeed
                0x0000000008002a9c       0x1c Drivers/STM32F4xx_HAL_Driver/Src/stm32f4xx_hal_hcd.o
                0x0000000008002a9c                HAL_HCD_GetCurrentSpeed
 .text.HCD_HC_IN_IRQHandler
                0x0000000008002ab8      0x86a Drivers/STM32F4xx_HAL_Driver/Src/stm32f4xx_hal_hcd.o
 .text.HCD_HC_OUT_IRQHandler
                0x0000000008003322      0x6ea Drivers/STM32F4xx_HAL_Driver/Src/stm32f4xx_hal_hcd.o
 .text.HCD_RXQLVL_IRQHandler
                0x0000000008003a0c      0x158 Drivers/STM32F4xx_HAL_Driver/Src/stm32f4xx_hal_hcd.o
 .text.HCD_Port_IRQHandler
                0x0000000008003b64       0xe6 Drivers/STM32F4xx_HAL_Driver/Src/stm32f4xx_hal_hcd.o
 *fill*         0x0000000008003c4a        0x2 
 .text.HAL_RCC_OscConfig
                0x0000000008003c4c      0x4e0 Drivers/STM32F4xx_HAL_Driver/Src/stm32f4xx_hal_rcc.o
                0x0000000008003c4c                HAL_RCC_OscConfig
 .text.HAL_RCC_ClockConfig
                0x000000000800412c      0x1cc Drivers/STM32F4xx_HAL_Driver/Src/stm32f4xx_hal_rcc.o
                0x000000000800412c                HAL_RCC_ClockConfig
 .text.HAL_RCC_GetSysClockFreq
                0x00000000080042f8      0x1b0 Drivers/STM32F4xx_HAL_Driver/Src/stm32f4xx_hal_rcc.o
                0x00000000080042f8                HAL_RCC_GetSysClockFreq
 .text.HAL_RCC_GetHCLKFreq
                0x00000000080044a8       0x18 Drivers/STM32F4xx_HAL_Driver/Src/stm32f4xx_hal_rcc.o
                0x00000000080044a8                HAL_RCC_GetHCLKFreq
 .text.HAL_RCC_GetPCLK1Freq
                0x00000000080044c0       0x28 Drivers/STM32F4xx_HAL_Driver/Src/stm32f4xx_hal_rcc.o
                0x00000000080044c0                HAL_RCC_GetPCLK1Freq
 .text.HAL_RCC_GetPCLK2Freq
                0x00000000080044e8       0x28 Drivers/STM32F4xx_HAL_Driver/Src/stm32f4xx_hal_rcc.o
                0x00000000080044e8                HAL_RCC_GetPCLK2Freq
 .text.HAL_UART_Init
                0x0000000008004510       0x9a Drivers/STM32F4xx_HAL_Driver/Src/stm32f4xx_hal_uart.o
                0x0000000008004510                HAL_UART_Init
 .text.HAL_UART_Transmit
                0x00000000080045aa      0x132 Drivers/STM32F4xx_HAL_Driver/Src/stm32f4xx_hal_uart.o
                0x00000000080045aa                HAL_UART_Transmit
 .text.UART_WaitOnFlagUntilTimeout
                0x00000000080046dc       0x94 Drivers/STM32F4xx_HAL_Driver/Src/stm32f4xx_hal_uart.o
 .text.UART_SetConfig
                0x0000000008004770      0x6f8 Drivers/STM32F4xx_HAL_Driver/Src/stm32f4xx_hal_uart.o
 .text.USB_CoreInit
                0x0000000008004e68       0xc2 Drivers/STM32F4xx_HAL_Driver/Src/stm32f4xx_ll_usb.o
                0x0000000008004e68                USB_CoreInit
 .text.USB_EnableGlobalInt
                0x0000000008004f2a       0x22 Drivers/STM32F4xx_HAL_Driver/Src/stm32f4xx_ll_usb.o
                0x0000000008004f2a                USB_EnableGlobalInt
 .text.USB_DisableGlobalInt
                0x0000000008004f4c       0x22 Drivers/STM32F4xx_HAL_Driver/Src/stm32f4xx_ll_usb.o
                0x0000000008004f4c                USB_DisableGlobalInt
 .text.USB_SetCurrentMode
                0x0000000008004f6e       0x54 Drivers/STM32F4xx_HAL_Driver/Src/stm32f4xx_ll_usb.o
                0x0000000008004f6e                USB_SetCurrentMode
 *fill*         0x0000000008004fc2        0x2 
 .text.USB_FlushTxFifo
                0x0000000008004fc4       0x4c Drivers/STM32F4xx_HAL_Driver/Src/stm32f4xx_ll_usb.o
                0x0000000008004fc4                USB_FlushTxFifo
 .text.USB_FlushRxFifo
                0x0000000008005010       0x44 Drivers/STM32F4xx_HAL_Driver/Src/stm32f4xx_ll_usb.o
                0x0000000008005010                USB_FlushRxFifo
 .text.USB_WritePacket
                0x0000000008005054       0x6a Drivers/STM32F4xx_HAL_Driver/Src/stm32f4xx_ll_usb.o
                0x0000000008005054                USB_WritePacket
 .text.USB_ReadPacket
                0x00000000080050be       0x52 Drivers/STM32F4xx_HAL_Driver/Src/stm32f4xx_ll_usb.o
                0x00000000080050be                USB_ReadPacket
 .text.USB_ReadInterrupts
                0x0000000008005110       0x26 Drivers/STM32F4xx_HAL_Driver/Src/stm32f4xx_ll_usb.o
                0x0000000008005110                USB_ReadInterrupts
 .text.USB_GetMode
                0x0000000008005136       0x1c Drivers/STM32F4xx_HAL_Driver/Src/stm32f4xx_ll_usb.o
                0x0000000008005136                USB_GetMode
 *fill*         0x0000000008005152        0x2 
 .text.USB_CoreReset
                0x0000000008005154       0x68 Drivers/STM32F4xx_HAL_Driver/Src/stm32f4xx_ll_usb.o
 .text.USB_HostInit
                0x00000000080051bc      0x178 Drivers/STM32F4xx_HAL_Driver/Src/stm32f4xx_ll_usb.o
                0x00000000080051bc                USB_HostInit
 .text.USB_InitFSLSPClkSel
                0x0000000008005334       0x74 Drivers/STM32F4xx_HAL_Driver/Src/stm32f4xx_ll_usb.o
                0x0000000008005334                USB_InitFSLSPClkSel
 .text.USB_ResetPort
                0x00000000080053a8       0x54 Drivers/STM32F4xx_HAL_Driver/Src/stm32f4xx_ll_usb.o
                0x00000000080053a8                USB_ResetPort
 .text.USB_DriveVbus
                0x00000000080053fc       0x72 Drivers/STM32F4xx_HAL_Driver/Src/stm32f4xx_ll_usb.o
                0x00000000080053fc                USB_DriveVbus
 .text.USB_GetHostSpeed
                0x000000000800546e       0x2e Drivers/STM32F4xx_HAL_Driver/Src/stm32f4xx_ll_usb.o
                0x000000000800546e                USB_GetHostSpeed
 .text.USB_GetCurrentFrame
                0x000000000800549c       0x22 Drivers/STM32F4xx_HAL_Driver/Src/stm32f4xx_ll_usb.o
                0x000000000800549c                USB_GetCurrentFrame
 *fill*         0x00000000080054be        0x2 
 .text.USB_HC_Init
                0x00000000080054c0      0x214 Drivers/STM32F4xx_HAL_Driver/Src/stm32f4xx_ll_usb.o
                0x00000000080054c0                USB_HC_Init
 .text.USB_HC_StartXfer
                0x00000000080056d4      0x28c Drivers/STM32F4xx_HAL_Driver/Src/stm32f4xx_ll_usb.o
                0x00000000080056d4                USB_HC_StartXfer
 .text.USB_HC_ReadInterrupt
                0x0000000008005960       0x22 Drivers/STM32F4xx_HAL_Driver/Src/stm32f4xx_ll_usb.o
                0x0000000008005960                USB_HC_ReadInterrupt
 .text.USB_HC_Halt
                0x0000000008005982      0x1fe Drivers/STM32F4xx_HAL_Driver/Src/stm32f4xx_ll_usb.o
                0x0000000008005982                USB_HC_Halt
 .text.USB_DoPing
                0x0000000008005b80       0x78 Drivers/STM32F4xx_HAL_Driver/Src/stm32f4xx_ll_usb.o
                0x0000000008005b80                USB_DoPing
 .text.USB_StopHost
                0x0000000008005bf8      0x10c Drivers/STM32F4xx_HAL_Driver/Src/stm32f4xx_ll_usb.o
                0x0000000008005bf8                USB_StopHost
 .text.MX_FATFS_Init
                0x0000000008005d04       0x24 FATFS/App/fatfs.o
                0x0000000008005d04                MX_FATFS_Init
 .text.get_fattime
                0x0000000008005d28       0x10 FATFS/App/fatfs.o
                0x0000000008005d28                get_fattime
 .text.USBH_initialize
                0x0000000008005d38       0x18 FATFS/Target/usbh_diskio.o
                0x0000000008005d38                USBH_initialize
 .text.USBH_status
                0x0000000008005d50       0x38 FATFS/Target/usbh_diskio.o
                0x0000000008005d50                USBH_status
 .text.USBH_read
                0x0000000008005d88       0x70 FATFS/Target/usbh_diskio.o
                0x0000000008005d88                USBH_read
 .text.USBH_write
                0x0000000008005df8       0x84 FATFS/Target/usbh_diskio.o
                0x0000000008005df8                USBH_write
 .text.USBH_ioctl
                0x0000000008005e7c       0xd8 FATFS/Target/usbh_diskio.o
                0x0000000008005e7c                USBH_ioctl
 .text.USBH_MSC_InterfaceInit
                0x0000000008005f54      0x216 Middlewares/ST/STM32_USB_Host_Library/Class/MSC/Src/usbh_msc.o
 .text.USBH_MSC_InterfaceDeInit
                0x000000000800616a       0x8c Middlewares/ST/STM32_USB_Host_Library/Class/MSC/Src/usbh_msc.o
 .text.USBH_MSC_ClassRequest
                0x00000000080061f6       0xc8 Middlewares/ST/STM32_USB_Host_Library/Class/MSC/Src/usbh_msc.o
 *fill*         0x00000000080062be        0x2 
 .text.USBH_MSC_Process
                0x00000000080062c0      0x520 Middlewares/ST/STM32_USB_Host_Library/Class/MSC/Src/usbh_msc.o
 .text.USBH_MSC_SOFProcess
                0x00000000080067e0       0x16 Middlewares/ST/STM32_USB_Host_Library/Class/MSC/Src/usbh_msc.o
 .text.USBH_MSC_RdWrProcess
                0x00000000080067f6      0x194 Middlewares/ST/STM32_USB_Host_Library/Class/MSC/Src/usbh_msc.o
 .text.USBH_MSC_UnitIsReady
                0x000000000800698a       0x4c Middlewares/ST/STM32_USB_Host_Library/Class/MSC/Src/usbh_msc.o
                0x000000000800698a                USBH_MSC_UnitIsReady
 .text.USBH_MSC_GetLUNInfo
                0x00000000080069d6       0x48 Middlewares/ST/STM32_USB_Host_Library/Class/MSC/Src/usbh_msc.o
                0x00000000080069d6                USBH_MSC_GetLUNInfo
 .text.USBH_MSC_Read
                0x0000000008006a1e       0xd2 Middlewares/ST/STM32_USB_Host_Library/Class/MSC/Src/usbh_msc.o
                0x0000000008006a1e                USBH_MSC_Read
 .text.USBH_MSC_Write
                0x0000000008006af0       0xd2 Middlewares/ST/STM32_USB_Host_Library/Class/MSC/Src/usbh_msc.o
                0x0000000008006af0                USBH_MSC_Write
 .text.USBH_MSC_BOT_REQ_Reset
                0x0000000008006bc2       0x3a Middlewares/ST/STM32_USB_Host_Library/Class/MSC/Src/usbh_msc_bot.o
                0x0000000008006bc2                USBH_MSC_BOT_REQ_Reset
 .text.USBH_MSC_BOT_REQ_GetMaxLUN
                0x0000000008006bfc       0x3c Middlewares/ST/STM32_USB_Host_Library/Class/MSC/Src/usbh_msc_bot.o
                0x0000000008006bfc                USBH_MSC_BOT_REQ_GetMaxLUN
 .text.USBH_MSC_BOT_Init
                0x0000000008006c38       0x44 Middlewares/ST/STM32_USB_Host_Library/Class/MSC/Src/usbh_msc_bot.o
                0x0000000008006c38                USBH_MSC_BOT_Init
 .text.USBH_MSC_BOT_Process
                0x0000000008006c7c      0x3a4 Middlewares/ST/STM32_USB_Host_Library/Class/MSC/Src/usbh_msc_bot.o
                0x0000000008006c7c                USBH_MSC_BOT_Process
 .text.USBH_MSC_BOT_Abort
                0x0000000008007020       0x58 Middlewares/ST/STM32_USB_Host_Library/Class/MSC/Src/usbh_msc_bot.o
 .text.USBH_MSC_DecodeCSW
                0x0000000008007078       0x88 Middlewares/ST/STM32_USB_Host_Library/Class/MSC/Src/usbh_msc_bot.o
 .text.USBH_MSC_SCSI_TestUnitReady
                0x0000000008007100       0x86 Middlewares/ST/STM32_USB_Host_Library/Class/MSC/Src/usbh_msc_scsi.o
                0x0000000008007100                USBH_MSC_SCSI_TestUnitReady
 .text.USBH_MSC_SCSI_ReadCapacity
                0x0000000008007186       0xf6 Middlewares/ST/STM32_USB_Host_Library/Class/MSC/Src/usbh_msc_scsi.o
                0x0000000008007186                USBH_MSC_SCSI_ReadCapacity
 .text.USBH_MSC_SCSI_Inquiry
                0x000000000800727c      0x14a Middlewares/ST/STM32_USB_Host_Library/Class/MSC/Src/usbh_msc_scsi.o
                0x000000000800727c                USBH_MSC_SCSI_Inquiry
 .text.USBH_MSC_SCSI_RequestSense
                0x00000000080073c6       0xf2 Middlewares/ST/STM32_USB_Host_Library/Class/MSC/Src/usbh_msc_scsi.o
                0x00000000080073c6                USBH_MSC_SCSI_RequestSense
 .text.USBH_MSC_SCSI_Write
                0x00000000080074b8       0xd6 Middlewares/ST/STM32_USB_Host_Library/Class/MSC/Src/usbh_msc_scsi.o
                0x00000000080074b8                USBH_MSC_SCSI_Write
 .text.USBH_MSC_SCSI_Read
                0x000000000800758e       0xd6 Middlewares/ST/STM32_USB_Host_Library/Class/MSC/Src/usbh_msc_scsi.o
                0x000000000800758e                USBH_MSC_SCSI_Read
 .text.USBH_Init
                0x0000000008007664       0x74 Middlewares/ST/STM32_USB_Host_Library/Core/Src/usbh_core.o
                0x0000000008007664                USBH_Init
 .text.DeInitStateMachine
                0x00000000080076d8       0xa8 Middlewares/ST/STM32_USB_Host_Library/Core/Src/usbh_core.o
 .text.USBH_RegisterClass
                0x0000000008007780       0x54 Middlewares/ST/STM32_USB_Host_Library/Core/Src/usbh_core.o
                0x0000000008007780                USBH_RegisterClass
 .text.USBH_SelectInterface
                0x00000000080077d4       0x38 Middlewares/ST/STM32_USB_Host_Library/Core/Src/usbh_core.o
                0x00000000080077d4                USBH_SelectInterface
 .text.USBH_FindInterface
                0x000000000800780c       0x8c Middlewares/ST/STM32_USB_Host_Library/Core/Src/usbh_core.o
                0x000000000800780c                USBH_FindInterface
 .text.USBH_Start
                0x0000000008007898       0x20 Middlewares/ST/STM32_USB_Host_Library/Core/Src/usbh_core.o
                0x0000000008007898                USBH_Start
 .text.USBH_Process
                0x00000000080078b8      0x3c0 Middlewares/ST/STM32_USB_Host_Library/Core/Src/usbh_core.o
                0x00000000080078b8                USBH_Process
 .text.USBH_HandleEnum
                0x0000000008007c78      0x3c8 Middlewares/ST/STM32_USB_Host_Library/Core/Src/usbh_core.o
 .text.USBH_LL_SetTimer
                0x0000000008008040       0x1e Middlewares/ST/STM32_USB_Host_Library/Core/Src/usbh_core.o
                0x0000000008008040                USBH_LL_SetTimer
 .text.USBH_LL_IncTimer
                0x000000000800805e       0x24 Middlewares/ST/STM32_USB_Host_Library/Core/Src/usbh_core.o
                0x000000000800805e                USBH_LL_IncTimer
 .text.USBH_HandleSof
                0x0000000008008082       0x30 Middlewares/ST/STM32_USB_Host_Library/Core/Src/usbh_core.o
 .text.USBH_LL_PortEnabled
                0x00000000080080b2       0x1c Middlewares/ST/STM32_USB_Host_Library/Core/Src/usbh_core.o
                0x00000000080080b2                USBH_LL_PortEnabled
 .text.USBH_LL_PortDisabled
                0x00000000080080ce       0x1c Middlewares/ST/STM32_USB_Host_Library/Core/Src/usbh_core.o
                0x00000000080080ce                USBH_LL_PortDisabled
 .text.USBH_LL_Connect
                0x00000000080080ea       0x2e Middlewares/ST/STM32_USB_Host_Library/Core/Src/usbh_core.o
                0x00000000080080ea                USBH_LL_Connect
 .text.USBH_LL_Disconnect
                0x0000000008008118       0x48 Middlewares/ST/STM32_USB_Host_Library/Core/Src/usbh_core.o
                0x0000000008008118                USBH_LL_Disconnect
 .text.USBH_Get_DevDesc
                0x0000000008008160       0x50 Middlewares/ST/STM32_USB_Host_Library/Core/Src/usbh_ctlreq.o
                0x0000000008008160                USBH_Get_DevDesc
 .text.USBH_Get_CfgDesc
                0x00000000080081b0       0x48 Middlewares/ST/STM32_USB_Host_Library/Core/Src/usbh_ctlreq.o
                0x00000000080081b0                USBH_Get_CfgDesc
 .text.USBH_Get_StringDesc
                0x00000000080081f8       0x56 Middlewares/ST/STM32_USB_Host_Library/Core/Src/usbh_ctlreq.o
                0x00000000080081f8                USBH_Get_StringDesc
 .text.USBH_GetDescriptor
                0x000000000800824e       0x6a Middlewares/ST/STM32_USB_Host_Library/Core/Src/usbh_ctlreq.o
                0x000000000800824e                USBH_GetDescriptor
 .text.USBH_SetAddress
                0x00000000080082b8       0x48 Middlewares/ST/STM32_USB_Host_Library/Core/Src/usbh_ctlreq.o
                0x00000000080082b8                USBH_SetAddress
 .text.USBH_SetCfg
                0x0000000008008300       0x46 Middlewares/ST/STM32_USB_Host_Library/Core/Src/usbh_ctlreq.o
                0x0000000008008300                USBH_SetCfg
 .text.USBH_SetFeature
                0x0000000008008346       0x48 Middlewares/ST/STM32_USB_Host_Library/Core/Src/usbh_ctlreq.o
                0x0000000008008346                USBH_SetFeature
 .text.USBH_ClrFeature
                0x000000000800838e       0x48 Middlewares/ST/STM32_USB_Host_Library/Core/Src/usbh_ctlreq.o
                0x000000000800838e                USBH_ClrFeature
 .text.USBH_ParseDevDesc
                0x00000000080083d6       0xe0 Middlewares/ST/STM32_USB_Host_Library/Core/Src/usbh_ctlreq.o
 .text.USBH_ParseCfgDesc
                0x00000000080084b6      0x144 Middlewares/ST/STM32_USB_Host_Library/Core/Src/usbh_ctlreq.o
 .text.USBH_ParseInterfaceDesc
                0x00000000080085fa       0x5e Middlewares/ST/STM32_USB_Host_Library/Core/Src/usbh_ctlreq.o
 .text.USBH_ParseEPDesc
                0x0000000008008658       0x5a Middlewares/ST/STM32_USB_Host_Library/Core/Src/usbh_ctlreq.o
 .text.USBH_ParseStringDesc
                0x00000000080086b2       0x66 Middlewares/ST/STM32_USB_Host_Library/Core/Src/usbh_ctlreq.o
 .text.USBH_GetNextDesc
                0x0000000008008718       0x36 Middlewares/ST/STM32_USB_Host_Library/Core/Src/usbh_ctlreq.o
                0x0000000008008718                USBH_GetNextDesc
 .text.USBH_CtlReq
                0x000000000800874e       0x7a Middlewares/ST/STM32_USB_Host_Library/Core/Src/usbh_ctlreq.o
                0x000000000800874e                USBH_CtlReq
 .text.USBH_HandleControl
                0x00000000080087c8      0x2ec Middlewares/ST/STM32_USB_Host_Library/Core/Src/usbh_ctlreq.o
 .text.USBH_CtlSendSetup
                0x0000000008008ab4       0x34 Middlewares/ST/STM32_USB_Host_Library/Core/Src/usbh_ioreq.o
                0x0000000008008ab4                USBH_CtlSendSetup
 .text.USBH_CtlSendData
                0x0000000008008ae8       0x4a Middlewares/ST/STM32_USB_Host_Library/Core/Src/usbh_ioreq.o
                0x0000000008008ae8                USBH_CtlSendData
 .text.USBH_CtlReceiveData
                0x0000000008008b32       0x3c Middlewares/ST/STM32_USB_Host_Library/Core/Src/usbh_ioreq.o
                0x0000000008008b32                USBH_CtlReceiveData
 .text.USBH_BulkSendData
                0x0000000008008b6e       0x4a Middlewares/ST/STM32_USB_Host_Library/Core/Src/usbh_ioreq.o
                0x0000000008008b6e                USBH_BulkSendData
 .text.USBH_BulkReceiveData
                0x0000000008008bb8       0x3c Middlewares/ST/STM32_USB_Host_Library/Core/Src/usbh_ioreq.o
                0x0000000008008bb8                USBH_BulkReceiveData
 .text.USBH_OpenPipe
                0x0000000008008bf4       0x3e Middlewares/ST/STM32_USB_Host_Library/Core/Src/usbh_pipes.o
                0x0000000008008bf4                USBH_OpenPipe
 .text.USBH_ClosePipe
                0x0000000008008c32       0x20 Middlewares/ST/STM32_USB_Host_Library/Core/Src/usbh_pipes.o
                0x0000000008008c32                USBH_ClosePipe
 .text.USBH_AllocPipe
                0x0000000008008c52       0x42 Middlewares/ST/STM32_USB_Host_Library/Core/Src/usbh_pipes.o
                0x0000000008008c52                USBH_AllocPipe
 .text.USBH_FreePipe
                0x0000000008008c94       0x3c Middlewares/ST/STM32_USB_Host_Library/Core/Src/usbh_pipes.o
                0x0000000008008c94                USBH_FreePipe
 .text.USBH_GetFreePipe
                0x0000000008008cd0       0x48 Middlewares/ST/STM32_USB_Host_Library/Core/Src/usbh_pipes.o
 .text.disk_status
                0x0000000008008d18       0x34 Middlewares/Third_Party/FatFs/src/diskio.o
                0x0000000008008d18                disk_status
 .text.disk_initialize
                0x0000000008008d4c       0x4c Middlewares/Third_Party/FatFs/src/diskio.o
                0x0000000008008d4c                disk_initialize
 .text.disk_read
                0x0000000008008d98       0x40 Middlewares/Third_Party/FatFs/src/diskio.o
                0x0000000008008d98                disk_read
 .text.disk_write
                0x0000000008008dd8       0x40 Middlewares/Third_Party/FatFs/src/diskio.o
                0x0000000008008dd8                disk_write
 .text.disk_ioctl
                0x0000000008008e18       0x3c Middlewares/Third_Party/FatFs/src/diskio.o
                0x0000000008008e18                disk_ioctl
 .text.ld_word  0x0000000008008e54       0x30 Middlewares/Third_Party/FatFs/src/ff.o
 .text.ld_dword
                0x0000000008008e84       0x46 Middlewares/Third_Party/FatFs/src/ff.o
 .text.ld_qword
                0x0000000008008eca      0x17a Middlewares/Third_Party/FatFs/src/ff.o
 .text.st_word  0x0000000008009044       0x36 Middlewares/Third_Party/FatFs/src/ff.o
 .text.st_dword
                0x000000000800907a       0x58 Middlewares/Third_Party/FatFs/src/ff.o
 .text.st_qword
                0x00000000080090d2      0x10e Middlewares/Third_Party/FatFs/src/ff.o
 .text.mem_cpy  0x00000000080091e0       0x42 Middlewares/Third_Party/FatFs/src/ff.o
 .text.mem_set  0x0000000008009222       0x34 Middlewares/Third_Party/FatFs/src/ff.o
 .text.mem_cmp  0x0000000008009256       0x4e Middlewares/Third_Party/FatFs/src/ff.o
 .text.chk_chr  0x00000000080092a4       0x36 Middlewares/Third_Party/FatFs/src/ff.o
 *fill*         0x00000000080092da        0x2 
 .text.chk_lock
                0x00000000080092dc       0xb8 Middlewares/Third_Party/FatFs/src/ff.o
 .text.enq_lock
                0x0000000008009394       0x44 Middlewares/Third_Party/FatFs/src/ff.o
 .text.inc_lock
                0x00000000080093d8      0x11c Middlewares/Third_Party/FatFs/src/ff.o
 .text.dec_lock
                0x00000000080094f4       0x78 Middlewares/Third_Party/FatFs/src/ff.o
 .text.clear_lock
                0x000000000800956c       0x48 Middlewares/Third_Party/FatFs/src/ff.o
 .text.sync_window
                0x00000000080095b4       0x88 Middlewares/Third_Party/FatFs/src/ff.o
 .text.move_window
                0x000000000800963c       0x5a Middlewares/Third_Party/FatFs/src/ff.o
 *fill*         0x0000000008009696        0x2 
 .text.sync_fs  0x0000000008009698       0xe0 Middlewares/Third_Party/FatFs/src/ff.o
 .text.clust2sect
                0x0000000008009778       0x3e Middlewares/Third_Party/FatFs/src/ff.o
 *fill*         0x00000000080097b6        0x2 
 .text.get_fat  0x00000000080097b8      0x2a8 Middlewares/Third_Party/FatFs/src/ff.o
 .text.put_fat  0x0000000008009a60      0x244 Middlewares/Third_Party/FatFs/src/ff.o
 .text.find_bitmap
                0x0000000008009ca4      0x10e Middlewares/Third_Party/FatFs/src/ff.o
 .text.change_bitmap
                0x0000000008009db2       0xea Middlewares/Third_Party/FatFs/src/ff.o
 .text.fill_first_frag
                0x0000000008009e9c       0x5e Middlewares/Third_Party/FatFs/src/ff.o
 .text.fill_last_frag
                0x0000000008009efa       0x62 Middlewares/Third_Party/FatFs/src/ff.o
 .text.remove_chain
                0x0000000008009f5c      0x168 Middlewares/Third_Party/FatFs/src/ff.o
 .text.create_chain
                0x000000000800a0c4      0x202 Middlewares/Third_Party/FatFs/src/ff.o
 .text.clmt_clust
                0x000000000800a2c6       0x8e Middlewares/Third_Party/FatFs/src/ff.o
 .text.dir_sdi  0x000000000800a354      0x128 Middlewares/Third_Party/FatFs/src/ff.o
 .text.dir_next
                0x000000000800a47c      0x1cc Middlewares/Third_Party/FatFs/src/ff.o
 .text.dir_alloc
                0x000000000800a648       0xb8 Middlewares/Third_Party/FatFs/src/ff.o
 .text.ld_clust
                0x000000000800a700       0x3e Middlewares/Third_Party/FatFs/src/ff.o
 .text.st_clust
                0x000000000800a73e       0x40 Middlewares/Third_Party/FatFs/src/ff.o
 *fill*         0x000000000800a77e        0x2 
 .text.cmp_lfn  0x000000000800a780       0xe0 Middlewares/Third_Party/FatFs/src/ff.o
 .text.pick_lfn
                0x000000000800a860       0xc8 Middlewares/Third_Party/FatFs/src/ff.o
 .text.put_lfn  0x000000000800a928       0xd0 Middlewares/Third_Party/FatFs/src/ff.o
 .text.gen_numname
                0x000000000800a9f8      0x11e Middlewares/Third_Party/FatFs/src/ff.o
 .text.sum_sfn  0x000000000800ab16       0x42 Middlewares/Third_Party/FatFs/src/ff.o
 .text.xdir_sum
                0x000000000800ab58       0x66 Middlewares/Third_Party/FatFs/src/ff.o
 .text.xname_sum
                0x000000000800abbe       0x68 Middlewares/Third_Party/FatFs/src/ff.o
 .text.get_xdir_info
                0x000000000800ac26      0x104 Middlewares/Third_Party/FatFs/src/ff.o
 *fill*         0x000000000800ad2a        0x2 
 .text.load_xdir
                0x000000000800ad2c      0x17c Middlewares/Third_Party/FatFs/src/ff.o
 .text.load_obj_dir
                0x000000000800aea8       0x7a Middlewares/Third_Party/FatFs/src/ff.o
 .text.store_xdir
                0x000000000800af22       0xb6 Middlewares/Third_Party/FatFs/src/ff.o
 .text.create_xdir
                0x000000000800afd8       0xce Middlewares/Third_Party/FatFs/src/ff.o
 .text.dir_read
                0x000000000800b0a6      0x18e Middlewares/Third_Party/FatFs/src/ff.o
 .text.dir_find
                0x000000000800b234      0x252 Middlewares/Third_Party/FatFs/src/ff.o
 *fill*         0x000000000800b486        0x2 
 .text.dir_register
                0x000000000800b488      0x360 Middlewares/Third_Party/FatFs/src/ff.o
 .text.get_fileinfo
                0x000000000800b7e8      0x1d6 Middlewares/Third_Party/FatFs/src/ff.o
 *fill*         0x000000000800b9be        0x2 
 .text.create_name
                0x000000000800b9c0      0x370 Middlewares/Third_Party/FatFs/src/ff.o
 .text.follow_path
                0x000000000800bd30      0x15a Middlewares/Third_Party/FatFs/src/ff.o
 .text.get_ldnumber
                0x000000000800be8a       0x88 Middlewares/Third_Party/FatFs/src/ff.o
 *fill*         0x000000000800bf12        0x2 
 .text.check_fs
                0x000000000800bf14       0xc8 Middlewares/Third_Party/FatFs/src/ff.o
 .text.find_volume
                0x000000000800bfdc      0x724 Middlewares/Third_Party/FatFs/src/ff.o
 .text.validate
                0x000000000800c700       0x6a Middlewares/Third_Party/FatFs/src/ff.o
 *fill*         0x000000000800c76a        0x2 
 .text.f_mount  0x000000000800c76c       0x8c Middlewares/Third_Party/FatFs/src/ff.o
                0x000000000800c76c                f_mount
 .text.f_open   0x000000000800c7f8      0x576 Middlewares/Third_Party/FatFs/src/ff.o
                0x000000000800c7f8                f_open
 .text.f_read   0x000000000800cd6e      0x32a Middlewares/Third_Party/FatFs/src/ff.o
                0x000000000800cd6e                f_read
 .text.f_sync   0x000000000800d098      0x244 Middlewares/Third_Party/FatFs/src/ff.o
                0x000000000800d098                f_sync
 .text.f_close  0x000000000800d2dc       0x54 Middlewares/Third_Party/FatFs/src/ff.o
                0x000000000800d2dc                f_close
 .text.f_opendir
                0x000000000800d330      0x150 Middlewares/Third_Party/FatFs/src/ff.o
                0x000000000800d330                f_opendir
 .text.f_closedir
                0x000000000800d480       0x4c Middlewares/Third_Party/FatFs/src/ff.o
                0x000000000800d480                f_closedir
 .text.f_readdir
                0x000000000800d4cc       0x7a Middlewares/Third_Party/FatFs/src/ff.o
                0x000000000800d4cc                f_readdir
 .text.f_stat   0x000000000800d546       0x72 Middlewares/Third_Party/FatFs/src/ff.o
                0x000000000800d546                f_stat
 .text.f_getfree
                0x000000000800d5b8      0x20e Middlewares/Third_Party/FatFs/src/ff.o
                0x000000000800d5b8                f_getfree
 *fill*         0x000000000800d7c6        0x2 
 .text.FATFS_LinkDriverEx
                0x000000000800d7c8       0x98 Middlewares/Third_Party/FatFs/src/ff_gen_drv.o
                0x000000000800d7c8                FATFS_LinkDriverEx
 .text.FATFS_LinkDriver
                0x000000000800d860       0x1e Middlewares/Third_Party/FatFs/src/ff_gen_drv.o
                0x000000000800d860                FATFS_LinkDriver
 *fill*         0x000000000800d87e        0x2 
 .text.ff_convert
                0x000000000800d880       0x78 Middlewares/Third_Party/FatFs/src/option/ccsbcs.o
                0x000000000800d880                ff_convert
 .text.ff_wtoupper
                0x000000000800d8f8      0x114 Middlewares/Third_Party/FatFs/src/option/ccsbcs.o
                0x000000000800d8f8                ff_wtoupper
 .text.MX_USB_HOST_Init
                0x000000000800da0c       0x4c USB_HOST/App/usb_host.o
                0x000000000800da0c                MX_USB_HOST_Init
 .text.MX_USB_HOST_Process
                0x000000000800da58       0x14 USB_HOST/App/usb_host.o
                0x000000000800da58                MX_USB_HOST_Process
 .text.USBH_UserProcess
                0x000000000800da6c       0x78 USB_HOST/App/usb_host.o
 .text.HAL_HCD_MspInit
                0x000000000800dae4       0xc4 USB_HOST/Target/usbh_conf.o
                0x000000000800dae4                HAL_HCD_MspInit
 .text.HAL_HCD_SOF_Callback
                0x000000000800dba8       0x1c USB_HOST/Target/usbh_conf.o
                0x000000000800dba8                HAL_HCD_SOF_Callback
 .text.HAL_HCD_Connect_Callback
                0x000000000800dbc4       0x1c USB_HOST/Target/usbh_conf.o
                0x000000000800dbc4                HAL_HCD_Connect_Callback
 .text.HAL_HCD_Disconnect_Callback
                0x000000000800dbe0       0x1c USB_HOST/Target/usbh_conf.o
                0x000000000800dbe0                HAL_HCD_Disconnect_Callback
 .text.HAL_HCD_HC_NotifyURBChange_Callback
                0x000000000800dbfc       0x1c USB_HOST/Target/usbh_conf.o
                0x000000000800dbfc                HAL_HCD_HC_NotifyURBChange_Callback
 .text.HAL_HCD_PortEnabled_Callback
                0x000000000800dc18       0x1c USB_HOST/Target/usbh_conf.o
                0x000000000800dc18                HAL_HCD_PortEnabled_Callback
 .text.HAL_HCD_PortDisabled_Callback
                0x000000000800dc34       0x1c USB_HOST/Target/usbh_conf.o
                0x000000000800dc34                HAL_HCD_PortDisabled_Callback
 .text.USBH_LL_Init
                0x000000000800dc50       0x78 USB_HOST/Target/usbh_conf.o
                0x000000000800dc50                USBH_LL_Init
 .text.USBH_LL_Start
                0x000000000800dcc8       0x36 USB_HOST/Target/usbh_conf.o
                0x000000000800dcc8                USBH_LL_Start
 .text.USBH_LL_Stop
                0x000000000800dcfe       0x36 USB_HOST/Target/usbh_conf.o
                0x000000000800dcfe                USBH_LL_Stop
 .text.USBH_LL_GetSpeed
                0x000000000800dd34       0x4a USB_HOST/Target/usbh_conf.o
                0x000000000800dd34                USBH_LL_GetSpeed
 .text.USBH_LL_ResetPort
                0x000000000800dd7e       0x36 USB_HOST/Target/usbh_conf.o
                0x000000000800dd7e                USBH_LL_ResetPort
 .text.USBH_LL_GetLastXferSize
                0x000000000800ddb4       0x26 USB_HOST/Target/usbh_conf.o
                0x000000000800ddb4                USBH_LL_GetLastXferSize
 .text.USBH_LL_OpenPipe
                0x000000000800ddda       0x5e USB_HOST/Target/usbh_conf.o
                0x000000000800ddda                USBH_LL_OpenPipe
 .text.USBH_LL_ClosePipe
                0x000000000800de38       0x3e USB_HOST/Target/usbh_conf.o
                0x000000000800de38                USBH_LL_ClosePipe
 .text.USBH_LL_SubmitURB
                0x000000000800de76       0x62 USB_HOST/Target/usbh_conf.o
                0x000000000800de76                USBH_LL_SubmitURB
 .text.USBH_LL_GetURBState
                0x000000000800ded8       0x26 USB_HOST/Target/usbh_conf.o
                0x000000000800ded8                USBH_LL_GetURBState
 .text.USBH_LL_DriverVBUS
                0x000000000800defe       0x2e USB_HOST/Target/usbh_conf.o
                0x000000000800defe                USBH_LL_DriverVBUS
 .text.USBH_LL_SetToggle
                0x000000000800df2c       0x66 USB_HOST/Target/usbh_conf.o
                0x000000000800df2c                USBH_LL_SetToggle
 .text.USBH_LL_GetToggle
                0x000000000800df92       0x66 USB_HOST/Target/usbh_conf.o
                0x000000000800df92                USBH_LL_GetToggle
 .text.USBH_Delay
                0x000000000800dff8       0x16 USB_HOST/Target/usbh_conf.o
                0x000000000800dff8                USBH_Delay
 *fill*         0x000000000800e00e        0x2 
 .text.USBH_Get_USB_Status
                0x000000000800e010       0x58 USB_HOST/Target/usbh_conf.o
                0x000000000800e010                USBH_Get_USB_Status
 .text.MX_DriverVbusFS
                0x000000000800e068       0x38 USB_HOST/Target/usbh_platform.o
                0x000000000800e068                MX_DriverVbusFS
 .text.__errno  0x000000000800e0a0        0xc c:/st/stm32cubeide_1.3.0/stm32cubeide/plugins/com.st.stm32cube.ide.mcu.externaltools.gnu-tools-for-stm32.7-2018-q2-update.win32_1.0.0.201904181610/tools/bin/../lib/gcc/arm-none-eabi/7.3.1/../../../../arm-none-eabi/lib/thumb/v7e-m/fpv4-sp/hard\libc_nano.a(lib_a-errno.o)
                0x000000000800e0a0                __errno
 .text.__libc_init_array
                0x000000000800e0ac       0x48 c:/st/stm32cubeide_1.3.0/stm32cubeide/plugins/com.st.stm32cube.ide.mcu.externaltools.gnu-tools-for-stm32.7-2018-q2-update.win32_1.0.0.201904181610/tools/bin/../lib/gcc/arm-none-eabi/7.3.1/../../../../arm-none-eabi/lib/thumb/v7e-m/fpv4-sp/hard\libc_nano.a(lib_a-init.o)
                0x000000000800e0ac                __libc_init_array
 .text.malloc   0x000000000800e0f4       0x10 c:/st/stm32cubeide_1.3.0/stm32cubeide/plugins/com.st.stm32cube.ide.mcu.externaltools.gnu-tools-for-stm32.7-2018-q2-update.win32_1.0.0.201904181610/tools/bin/../lib/gcc/arm-none-eabi/7.3.1/../../../../arm-none-eabi/lib/thumb/v7e-m/fpv4-sp/hard\libc_nano.a(lib_a-malloc.o)
                0x000000000800e0f4                malloc
 .text.free     0x000000000800e104       0x10 c:/st/stm32cubeide_1.3.0/stm32cubeide/plugins/com.st.stm32cube.ide.mcu.externaltools.gnu-tools-for-stm32.7-2018-q2-update.win32_1.0.0.201904181610/tools/bin/../lib/gcc/arm-none-eabi/7.3.1/../../../../arm-none-eabi/lib/thumb/v7e-m/fpv4-sp/hard\libc_nano.a(lib_a-malloc.o)
                0x000000000800e104                free
 .text.memcpy   0x000000000800e114       0x16 c:/st/stm32cubeide_1.3.0/stm32cubeide/plugins/com.st.stm32cube.ide.mcu.externaltools.gnu-tools-for-stm32.7-2018-q2-update.win32_1.0.0.201904181610/tools/bin/../lib/gcc/arm-none-eabi/7.3.1/../../../../arm-none-eabi/lib/thumb/v7e-m/fpv4-sp/hard\libc_nano.a(lib_a-memcpy-stub.o)
                0x000000000800e114                memcpy
 .text.memset   0x000000000800e12a       0x10 c:/st/stm32cubeide_1.3.0/stm32cubeide/plugins/com.st.stm32cube.ide.mcu.externaltools.gnu-tools-for-stm32.7-2018-q2-update.win32_1.0.0.201904181610/tools/bin/../lib/gcc/arm-none-eabi/7.3.1/../../../../arm-none-eabi/lib/thumb/v7e-m/fpv4-sp/hard\libc_nano.a(lib_a-memset.o)
                0x000000000800e12a                memset
 *fill*         0x000000000800e13a        0x2 
 .text._free_r  0x000000000800e13c       0x9c c:/st/stm32cubeide_1.3.0/stm32cubeide/plugins/com.st.stm32cube.ide.mcu.externaltools.gnu-tools-for-stm32.7-2018-q2-update.win32_1.0.0.201904181610/tools/bin/../lib/gcc/arm-none-eabi/7.3.1/../../../../arm-none-eabi/lib/thumb/v7e-m/fpv4-sp/hard\libc_nano.a(lib_a-nano-freer.o)
                0x000000000800e13c                _free_r
 .text._malloc_r
                0x000000000800e1d8       0xb4 c:/st/stm32cubeide_1.3.0/stm32cubeide/plugins/com.st.stm32cube.ide.mcu.externaltools.gnu-tools-for-stm32.7-2018-q2-update.win32_1.0.0.201904181610/tools/bin/../lib/gcc/arm-none-eabi/7.3.1/../../../../arm-none-eabi/lib/thumb/v7e-m/fpv4-sp/hard\libc_nano.a(lib_a-nano-mallocr.o)
                0x000000000800e1d8                _malloc_r
 .text._sbrk_r  0x000000000800e28c       0x20 c:/st/stm32cubeide_1.3.0/stm32cubeide/plugins/com.st.stm32cube.ide.mcu.externaltools.gnu-tools-for-stm32.7-2018-q2-update.win32_1.0.0.201904181610/tools/bin/../lib/gcc/arm-none-eabi/7.3.1/../../../../arm-none-eabi/lib/thumb/v7e-m/fpv4-sp/hard\libc_nano.a(lib_a-sbrkr.o)
                0x000000000800e28c                _sbrk_r
 .text.sprintf  0x000000000800e2ac       0x40 c:/st/stm32cubeide_1.3.0/stm32cubeide/plugins/com.st.stm32cube.ide.mcu.externaltools.gnu-tools-for-stm32.7-2018-q2-update.win32_1.0.0.201904181610/tools/bin/../lib/gcc/arm-none-eabi/7.3.1/../../../../arm-none-eabi/lib/thumb/v7e-m/fpv4-sp/hard\libc_nano.a(lib_a-sprintf.o)
                0x000000000800e2ac                siprintf
                0x000000000800e2ac                sprintf
 .text.strcpy   0x000000000800e2ec       0x10 c:/st/stm32cubeide_1.3.0/stm32cubeide/plugins/com.st.stm32cube.ide.mcu.externaltools.gnu-tools-for-stm32.7-2018-q2-update.win32_1.0.0.201904181610/tools/bin/../lib/gcc/arm-none-eabi/7.3.1/../../../../arm-none-eabi/lib/thumb/v7e-m/fpv4-sp/hard\libc_nano.a(lib_a-strcpy.o)
                0x000000000800e2ec                strcpy
 .text.__malloc_lock
                0x000000000800e2fc        0x2 c:/st/stm32cubeide_1.3.0/stm32cubeide/plugins/com.st.stm32cube.ide.mcu.externaltools.gnu-tools-for-stm32.7-2018-q2-update.win32_1.0.0.201904181610/tools/bin/../lib/gcc/arm-none-eabi/7.3.1/../../../../arm-none-eabi/lib/thumb/v7e-m/fpv4-sp/hard\libc_nano.a(lib_a-mlock.o)
                0x000000000800e2fc                __malloc_lock
 .text.__malloc_unlock
                0x000000000800e2fe        0x2 c:/st/stm32cubeide_1.3.0/stm32cubeide/plugins/com.st.stm32cube.ide.mcu.externaltools.gnu-tools-for-stm32.7-2018-q2-update.win32_1.0.0.201904181610/tools/bin/../lib/gcc/arm-none-eabi/7.3.1/../../../../arm-none-eabi/lib/thumb/v7e-m/fpv4-sp/hard\libc_nano.a(lib_a-mlock.o)
                0x000000000800e2fe                __malloc_unlock
 .text.__ssputs_r
                0x000000000800e300       0xb4 c:/st/stm32cubeide_1.3.0/stm32cubeide/plugins/com.st.stm32cube.ide.mcu.externaltools.gnu-tools-for-stm32.7-2018-q2-update.win32_1.0.0.201904181610/tools/bin/../lib/gcc/arm-none-eabi/7.3.1/../../../../arm-none-eabi/lib/thumb/v7e-m/fpv4-sp/hard\libc_nano.a(lib_a-nano-svfprintf.o)
                0x000000000800e300                __ssputs_r
 .text._svfprintf_r
                0x000000000800e3b4      0x1f0 c:/st/stm32cubeide_1.3.0/stm32cubeide/plugins/com.st.stm32cube.ide.mcu.externaltools.gnu-tools-for-stm32.7-2018-q2-update.win32_1.0.0.201904181610/tools/bin/../lib/gcc/arm-none-eabi/7.3.1/../../../../arm-none-eabi/lib/thumb/v7e-m/fpv4-sp/hard\libc_nano.a(lib_a-nano-svfprintf.o)
                0x000000000800e3b4                _svfiprintf_r
                0x000000000800e3b4                _svfprintf_r
 .text._printf_common
                0x000000000800e5a4       0xea c:/st/stm32cubeide_1.3.0/stm32cubeide/plugins/com.st.stm32cube.ide.mcu.externaltools.gnu-tools-for-stm32.7-2018-q2-update.win32_1.0.0.201904181610/tools/bin/../lib/gcc/arm-none-eabi/7.3.1/../../../../arm-none-eabi/lib/thumb/v7e-m/fpv4-sp/hard\libc_nano.a(lib_a-nano-vfprintf_i.o)
                0x000000000800e5a4                _printf_common
 *fill*         0x000000000800e68e        0x2 
 .text._printf_i
                0x000000000800e690      0x224 c:/st/stm32cubeide_1.3.0/stm32cubeide/plugins/com.st.stm32cube.ide.mcu.externaltools.gnu-tools-for-stm32.7-2018-q2-update.win32_1.0.0.201904181610/tools/bin/../lib/gcc/arm-none-eabi/7.3.1/../../../../arm-none-eabi/lib/thumb/v7e-m/fpv4-sp/hard\libc_nano.a(lib_a-nano-vfprintf_i.o)
                0x000000000800e690                _printf_i
 .text.memmove  0x000000000800e8b4       0x32 c:/st/stm32cubeide_1.3.0/stm32cubeide/plugins/com.st.stm32cube.ide.mcu.externaltools.gnu-tools-for-stm32.7-2018-q2-update.win32_1.0.0.201904181610/tools/bin/../lib/gcc/arm-none-eabi/7.3.1/../../../../arm-none-eabi/lib/thumb/v7e-m/fpv4-sp/hard\libc_nano.a(lib_a-memmove.o)
                0x000000000800e8b4                memmove
 .text._realloc_r
                0x000000000800e8e6       0x4c c:/st/stm32cubeide_1.3.0/stm32cubeide/plugins/com.st.stm32cube.ide.mcu.externaltools.gnu-tools-for-stm32.7-2018-q2-update.win32_1.0.0.201904181610/tools/bin/../lib/gcc/arm-none-eabi/7.3.1/../../../../arm-none-eabi/lib/thumb/v7e-m/fpv4-sp/hard\libc_nano.a(lib_a-nano-reallocr.o)
                0x000000000800e8e6                _realloc_r
 .text._malloc_usable_size_r
                0x000000000800e932       0x10 c:/st/stm32cubeide_1.3.0/stm32cubeide/plugins/com.st.stm32cube.ide.mcu.externaltools.gnu-tools-for-stm32.7-2018-q2-update.win32_1.0.0.201904181610/tools/bin/../lib/gcc/arm-none-eabi/7.3.1/../../../../arm-none-eabi/lib/thumb/v7e-m/fpv4-sp/hard\libc_nano.a(lib_a-nano-msizer.o)
                0x000000000800e932                _malloc_usable_size_r
 *(.glue_7)
 .glue_7        0x000000000800e942        0x0 linker stubs
 *(.glue_7t)
 .glue_7t       0x000000000800e942        0x0 linker stubs
 *(.eh_frame)
 *fill*         0x000000000800e942        0x2 
 .eh_frame      0x000000000800e944        0x0 c:/st/stm32cubeide_1.3.0/stm32cubeide/plugins/com.st.stm32cube.ide.mcu.externaltools.gnu-tools-for-stm32.7-2018-q2-update.win32_1.0.0.201904181610/tools/bin/../lib/gcc/arm-none-eabi/7.3.1/thumb/v7e-m/fpv4-sp/hard/crtbegin.o
 *(.init)
 .init          0x000000000800e944        0x4 c:/st/stm32cubeide_1.3.0/stm32cubeide/plugins/com.st.stm32cube.ide.mcu.externaltools.gnu-tools-for-stm32.7-2018-q2-update.win32_1.0.0.201904181610/tools/bin/../lib/gcc/arm-none-eabi/7.3.1/thumb/v7e-m/fpv4-sp/hard/crti.o
                0x000000000800e944                _init
 .init          0x000000000800e948        0x8 c:/st/stm32cubeide_1.3.0/stm32cubeide/plugins/com.st.stm32cube.ide.mcu.externaltools.gnu-tools-for-stm32.7-2018-q2-update.win32_1.0.0.201904181610/tools/bin/../lib/gcc/arm-none-eabi/7.3.1/thumb/v7e-m/fpv4-sp/hard/crtn.o
 *(.fini)
 .fini          0x000000000800e950        0x4 c:/st/stm32cubeide_1.3.0/stm32cubeide/plugins/com.st.stm32cube.ide.mcu.externaltools.gnu-tools-for-stm32.7-2018-q2-update.win32_1.0.0.201904181610/tools/bin/../lib/gcc/arm-none-eabi/7.3.1/thumb/v7e-m/fpv4-sp/hard/crti.o
                0x000000000800e950                _fini
 .fini          0x000000000800e954        0x8 c:/st/stm32cubeide_1.3.0/stm32cubeide/plugins/com.st.stm32cube.ide.mcu.externaltools.gnu-tools-for-stm32.7-2018-q2-update.win32_1.0.0.201904181610/tools/bin/../lib/gcc/arm-none-eabi/7.3.1/thumb/v7e-m/fpv4-sp/hard/crtn.o
                0x000000000800e95c                . = ALIGN (0x4)
                0x000000000800e95c                _etext = .

.vfp11_veneer   0x000000000800e95c        0x0
 .vfp11_veneer  0x000000000800e95c        0x0 linker stubs

.v4_bx          0x000000000800e95c        0x0
 .v4_bx         0x000000000800e95c        0x0 linker stubs

.iplt           0x000000000800e95c        0x0
 .iplt          0x000000000800e95c        0x0 c:/st/stm32cubeide_1.3.0/stm32cubeide/plugins/com.st.stm32cube.ide.mcu.externaltools.gnu-tools-for-stm32.7-2018-q2-update.win32_1.0.0.201904181610/tools/bin/../lib/gcc/arm-none-eabi/7.3.1/thumb/v7e-m/fpv4-sp/hard/crtbegin.o

.rodata         0x000000000800e95c      0x9b4
                0x000000000800e95c                . = ALIGN (0x4)
 *(.rodata)
 .rodata        0x000000000800e95c      0x4aa Core/Src/File_Handling.o
 *fill*         0x000000000800ee06        0x2 
 .rodata        0x000000000800ee08        0x4 Middlewares/ST/STM32_USB_Host_Library/Class/MSC/Src/usbh_msc.o
 .rodata        0x000000000800ee0c       0x54 Middlewares/Third_Party/FatFs/src/ff.o
 .rodata        0x000000000800ee60        0xe USB_HOST/App/usb_host.o
 *(.rodata*)
 *fill*         0x000000000800ee6e        0x2 
 .rodata.AHBPrescTable
                0x000000000800ee70       0x10 Core/Src/system_stm32f4xx.o
                0x000000000800ee70                AHBPrescTable
 .rodata.APBPrescTable
                0x000000000800ee80        0x8 Core/Src/system_stm32f4xx.o
                0x000000000800ee80                APBPrescTable
 .rodata.USBH_Driver
                0x000000000800ee88       0x14 FATFS/Target/usbh_diskio.o
                0x000000000800ee88                USBH_Driver
 .rodata.ExCvt  0x000000000800ee9c       0x80 Middlewares/Third_Party/FatFs/src/ff.o
 .rodata.LfnOfs
                0x000000000800ef1c        0xd Middlewares/Third_Party/FatFs/src/ff.o
 *fill*         0x000000000800ef29        0x3 
 .rodata.Tbl    0x000000000800ef2c      0x100 Middlewares/Third_Party/FatFs/src/option/ccsbcs.o
 .rodata.cvt1.10090
                0x000000000800f02c      0x1f2 Middlewares/Third_Party/FatFs/src/option/ccsbcs.o
 *fill*         0x000000000800f21e        0x2 
 .rodata.cvt2.10091
                0x000000000800f220       0xbc Middlewares/Third_Party/FatFs/src/option/ccsbcs.o
 .rodata._svfprintf_r.str1.1
                0x000000000800f2dc       0x11 c:/st/stm32cubeide_1.3.0/stm32cubeide/plugins/com.st.stm32cube.ide.mcu.externaltools.gnu-tools-for-stm32.7-2018-q2-update.win32_1.0.0.201904181610/tools/bin/../lib/gcc/arm-none-eabi/7.3.1/../../../../arm-none-eabi/lib/thumb/v7e-m/fpv4-sp/hard\libc_nano.a(lib_a-nano-svfprintf.o)
 .rodata._printf_i.str1.1
                0x000000000800f2ed       0x22 c:/st/stm32cubeide_1.3.0/stm32cubeide/plugins/com.st.stm32cube.ide.mcu.externaltools.gnu-tools-for-stm32.7-2018-q2-update.win32_1.0.0.201904181610/tools/bin/../lib/gcc/arm-none-eabi/7.3.1/../../../../arm-none-eabi/lib/thumb/v7e-m/fpv4-sp/hard\libc_nano.a(lib_a-nano-vfprintf_i.o)
                0x000000000800f310                . = ALIGN (0x4)
 *fill*         0x000000000800f30f        0x1 

.ARM.extab      0x000000000800f310        0x0
                0x000000000800f310                . = ALIGN (0x4)
 *(.ARM.extab* .gnu.linkonce.armextab.*)
                0x000000000800f310                . = ALIGN (0x4)

.ARM            0x000000000800f310        0x8
                0x000000000800f310                . = ALIGN (0x4)
                0x000000000800f310                __exidx_start = .
 *(.ARM.exidx*)
 .ARM.exidx     0x000000000800f310        0x8 c:/st/stm32cubeide_1.3.0/stm32cubeide/plugins/com.st.stm32cube.ide.mcu.externaltools.gnu-tools-for-stm32.7-2018-q2-update.win32_1.0.0.201904181610/tools/bin/../lib/gcc/arm-none-eabi/7.3.1/thumb/v7e-m/fpv4-sp/hard\libgcc.a(_udivmoddi4.o)
                0x000000000800f318                __exidx_end = .
                0x000000000800f318                . = ALIGN (0x4)

.rel.dyn        0x000000000800f318        0x0
 .rel.iplt      0x000000000800f318        0x0 c:/st/stm32cubeide_1.3.0/stm32cubeide/plugins/com.st.stm32cube.ide.mcu.externaltools.gnu-tools-for-stm32.7-2018-q2-update.win32_1.0.0.201904181610/tools/bin/../lib/gcc/arm-none-eabi/7.3.1/thumb/v7e-m/fpv4-sp/hard/crtbegin.o

.preinit_array  0x000000000800f318        0x0
                0x000000000800f318                . = ALIGN (0x4)
                0x000000000800f318                PROVIDE (__preinit_array_start = .)
 *(.preinit_array*)
                0x000000000800f318                PROVIDE (__preinit_array_end = .)
                0x000000000800f318                . = ALIGN (0x4)

.init_array     0x000000000800f318        0x4
                0x000000000800f318                . = ALIGN (0x4)
                0x000000000800f318                PROVIDE (__init_array_start = .)
 *(SORT_BY_NAME(.init_array.*))
 *(.init_array*)
 .init_array    0x000000000800f318        0x4 c:/st/stm32cubeide_1.3.0/stm32cubeide/plugins/com.st.stm32cube.ide.mcu.externaltools.gnu-tools-for-stm32.7-2018-q2-update.win32_1.0.0.201904181610/tools/bin/../lib/gcc/arm-none-eabi/7.3.1/thumb/v7e-m/fpv4-sp/hard/crtbegin.o
                0x000000000800f31c                PROVIDE (__init_array_end = .)
                0x000000000800f31c                . = ALIGN (0x4)

.fini_array     0x000000000800f31c        0x4
                0x000000000800f31c                . = ALIGN (0x4)
                [!provide]                        PROVIDE (__fini_array_start = .)
 *(SORT_BY_NAME(.fini_array.*))
 *(.fini_array*)
 .fini_array    0x000000000800f31c        0x4 c:/st/stm32cubeide_1.3.0/stm32cubeide/plugins/com.st.stm32cube.ide.mcu.externaltools.gnu-tools-for-stm32.7-2018-q2-update.win32_1.0.0.201904181610/tools/bin/../lib/gcc/arm-none-eabi/7.3.1/thumb/v7e-m/fpv4-sp/hard/crtbegin.o
                [!provide]                        PROVIDE (__fini_array_end = .)
                0x000000000800f320                . = ALIGN (0x4)
                0x000000000800f320                _sidata = LOADADDR (.data)

.data           0x0000000020000000       0x90 load address 0x000000000800f320
                0x0000000020000000                . = ALIGN (0x4)
                0x0000000020000000                _sdata = .
 *(.data)
 *(.data*)
 .data.SystemCoreClock
                0x0000000020000000        0x4 Core/Src/system_stm32f4xx.o
                0x0000000020000000                SystemCoreClock
 .data.uwTickPrio
                0x0000000020000004        0x4 Drivers/STM32F4xx_HAL_Driver/Src/stm32f4xx_hal.o
                0x0000000020000004                uwTickPrio
 .data.uwTickFreq
                0x0000000020000008        0x1 Drivers/STM32F4xx_HAL_Driver/Src/stm32f4xx_hal.o
                0x0000000020000008                uwTickFreq
 *fill*         0x0000000020000009        0x3 
 .data.USBH_msc
                0x000000002000000c       0x20 Middlewares/ST/STM32_USB_Host_Library/Class/MSC/Src/usbh_msc.o
                0x000000002000000c                USBH_msc
 .data._impure_ptr
                0x000000002000002c        0x4 c:/st/stm32cubeide_1.3.0/stm32cubeide/plugins/com.st.stm32cube.ide.mcu.externaltools.gnu-tools-for-stm32.7-2018-q2-update.win32_1.0.0.201904181610/tools/bin/../lib/gcc/arm-none-eabi/7.3.1/../../../../arm-none-eabi/lib/thumb/v7e-m/fpv4-sp/hard\libc_nano.a(lib_a-impure.o)
                0x000000002000002c                _impure_ptr
 .data.impure_data
                0x0000000020000030       0x60 c:/st/stm32cubeide_1.3.0/stm32cubeide/plugins/com.st.stm32cube.ide.mcu.externaltools.gnu-tools-for-stm32.7-2018-q2-update.win32_1.0.0.201904181610/tools/bin/../lib/gcc/arm-none-eabi/7.3.1/../../../../arm-none-eabi/lib/thumb/v7e-m/fpv4-sp/hard\libc_nano.a(lib_a-impure.o)
                0x0000000020000090                . = ALIGN (0x4)
                0x0000000020000090                _edata = .

.igot.plt       0x0000000020000090        0x0 load address 0x000000000800f3b0
 .igot.plt      0x0000000020000090        0x0 c:/st/stm32cubeide_1.3.0/stm32cubeide/plugins/com.st.stm32cube.ide.mcu.externaltools.gnu-tools-for-stm32.7-2018-q2-update.win32_1.0.0.201904181610/tools/bin/../lib/gcc/arm-none-eabi/7.3.1/thumb/v7e-m/fpv4-sp/hard/crtbegin.o
                0x0000000020000090                . = ALIGN (0x4)

.bss            0x0000000020000090     0x2de0 load address 0x000000000800f3b0
                0x0000000020000090                _sbss = .
                0x0000000020000090                __bss_start__ = _sbss
 *(.bss)
 .bss           0x0000000020000090       0x1c c:/st/stm32cubeide_1.3.0/stm32cubeide/plugins/com.st.stm32cube.ide.mcu.externaltools.gnu-tools-for-stm32.7-2018-q2-update.win32_1.0.0.201904181610/tools/bin/../lib/gcc/arm-none-eabi/7.3.1/thumb/v7e-m/fpv4-sp/hard/crtbegin.o
 *(.bss*)
 .bss.binary    0x00000000200000ac        0x4 Core/Src/main.o
                0x00000000200000ac                binary
 .bss.binary_input
                0x00000000200000b0        0x4 Core/Src/main.o
                0x00000000200000b0                binary_input
 .bss.heap_end.6424
                0x00000000200000b4        0x4 Core/Src/sysmem.o
 .bss.tmpreg.7920
                0x00000000200000b8        0x4 Drivers/STM32F4xx_HAL_Driver/Src/stm32f4xx_ll_usb.o
 .bss.FatFs     0x00000000200000bc        0x4 Middlewares/Third_Party/FatFs/src/ff.o
 .bss.Fsid      0x00000000200000c0        0x2 Middlewares/Third_Party/FatFs/src/ff.o
 *fill*         0x00000000200000c2        0x2 
 .bss.Files     0x00000000200000c4       0x20 Middlewares/Third_Party/FatFs/src/ff.o
 .bss.DirBuf    0x00000000200000e4      0x260 Middlewares/Third_Party/FatFs/src/ff.o
 .bss.LfnBuf    0x0000000020000344      0x200 Middlewares/Third_Party/FatFs/src/ff.o
 .bss.disk      0x0000000020000544        0xc Middlewares/Third_Party/FatFs/src/ff_gen_drv.o
                0x0000000020000544                disk
 .bss.Appli_state
                0x0000000020000550        0x1 USB_HOST/App/usb_host.o
                0x0000000020000550                Appli_state
 *fill*         0x0000000020000551        0x3 
 .bss.__malloc_free_list
                0x0000000020000554        0x4 c:/st/stm32cubeide_1.3.0/stm32cubeide/plugins/com.st.stm32cube.ide.mcu.externaltools.gnu-tools-for-stm32.7-2018-q2-update.win32_1.0.0.201904181610/tools/bin/../lib/gcc/arm-none-eabi/7.3.1/../../../../arm-none-eabi/lib/thumb/v7e-m/fpv4-sp/hard\libc_nano.a(lib_a-nano-mallocr.o)
                0x0000000020000554                __malloc_free_list
 .bss.__malloc_sbrk_start
                0x0000000020000558        0x4 c:/st/stm32cubeide_1.3.0/stm32cubeide/plugins/com.st.stm32cube.ide.mcu.externaltools.gnu-tools-for-stm32.7-2018-q2-update.win32_1.0.0.201904181610/tools/bin/../lib/gcc/arm-none-eabi/7.3.1/../../../../arm-none-eabi/lib/thumb/v7e-m/fpv4-sp/hard\libc_nano.a(lib_a-nano-mallocr.o)
                0x0000000020000558                __malloc_sbrk_start
 *(COMMON)
 *fill*         0x000000002000055c        0x4 
 COMMON         0x0000000020000560      0x13c Core/Src/File_Handling.o
                0x0000000020000560                fre_clust
                0x0000000020000564                br
                0x0000000020000568                pUSBHFatFS
                0x000000002000056c                free_space
                0x0000000020000570                bw
                0x0000000020000574                fresult
                0x0000000020000578                USBHfno
                0x0000000020000698                total
 COMMON         0x000000002000069c       0x89 Core/Src/main.o
                0x000000002000069c                g4
                0x00000000200006a0                g3
                0x00000000200006a4                b2
                0x00000000200006a8                g1
                0x00000000200006ac                b1
                0x00000000200006b0                gelen_veri
                0x00000000200006b4                b4
                0x00000000200006b8                gelen
                0x00000000200006bc                g5
                0x00000000200006c0                g2
                0x00000000200006c4                g7
                0x00000000200006c8                b8
                0x00000000200006cc                b7
                0x00000000200006d0                g8
                0x00000000200006d4                g6
                0x00000000200006d8                b5
                0x00000000200006dc                b3
                0x00000000200006e0                b6
                0x00000000200006e4                huart2
                0x0000000020000724                veri
 *fill*         0x0000000020000725        0x3 
 COMMON         0x0000000020000728        0x4 Drivers/STM32F4xx_HAL_Driver/Src/stm32f4xx_hal.o
                0x0000000020000728                uwTick
 *fill*         0x000000002000072c        0x4 
 COMMON         0x0000000020000730     0x209d FATFS/App/fatfs.o
                0x0000000020000730                USBHPath
                0x0000000020000738                USBHFile
                0x0000000020001790                USBHFatFS
                0x00000000200027cc                retUSBH
 *fill*         0x00000000200027cd        0x3 
 COMMON         0x00000000200027d0      0x3d8 USB_HOST/App/usb_host.o
                0x00000000200027d0                hUsbHostFS
 COMMON         0x0000000020002ba8      0x2c4 USB_HOST/Target/usbh_conf.o
                0x0000000020002ba8                hhcd_USB_OTG_FS
 COMMON         0x0000000020002e6c        0x4 c:/st/stm32cubeide_1.3.0/stm32cubeide/plugins/com.st.stm32cube.ide.mcu.externaltools.gnu-tools-for-stm32.7-2018-q2-update.win32_1.0.0.201904181610/tools/bin/../lib/gcc/arm-none-eabi/7.3.1/../../../../arm-none-eabi/lib/thumb/v7e-m/fpv4-sp/hard\libc_nano.a(lib_a-reent.o)
                0x0000000020002e6c                errno
                0x0000000020002e70                . = ALIGN (0x4)
                0x0000000020002e70                _ebss = .
                0x0000000020002e70                __bss_end__ = _ebss

._user_heap_stack
                0x0000000020002e70      0x600 load address 0x000000000800f3b0
                0x0000000020002e70                . = ALIGN (0x8)
                0x0000000020002e70                PROVIDE (end = .)
                [!provide]                        PROVIDE (_end = .)
                0x0000000020003070                . = (. + _Min_Heap_Size)
 *fill*         0x0000000020002e70      0x200 
                0x0000000020003470                . = (. + _Min_Stack_Size)
 *fill*         0x0000000020003070      0x400 
                0x0000000020003470                . = ALIGN (0x8)

/DISCARD/
 libc.a(*)
 libm.a(*)
 libgcc.a(*)

.ARM.attributes
                0x0000000000000000       0x30
 *(.ARM.attributes)
 .ARM.attributes
                0x0000000000000000       0x22 c:/st/stm32cubeide_1.3.0/stm32cubeide/plugins/com.st.stm32cube.ide.mcu.externaltools.gnu-tools-for-stm32.7-2018-q2-update.win32_1.0.0.201904181610/tools/bin/../lib/gcc/arm-none-eabi/7.3.1/thumb/v7e-m/fpv4-sp/hard/crti.o
 .ARM.attributes
                0x0000000000000022       0x34 c:/st/stm32cubeide_1.3.0/stm32cubeide/plugins/com.st.stm32cube.ide.mcu.externaltools.gnu-tools-for-stm32.7-2018-q2-update.win32_1.0.0.201904181610/tools/bin/../lib/gcc/arm-none-eabi/7.3.1/thumb/v7e-m/fpv4-sp/hard/crtbegin.o
 .ARM.attributes
                0x0000000000000056       0x39 Core/Src/File_Handling.o
 .ARM.attributes
                0x000000000000008f       0x39 Core/Src/main.o
 .ARM.attributes
                0x00000000000000c8       0x39 Core/Src/stm32f4xx_hal_msp.o
 .ARM.attributes
                0x0000000000000101       0x39 Core/Src/stm32f4xx_it.o
 .ARM.attributes
                0x000000000000013a       0x39 Core/Src/sysmem.o
 .ARM.attributes
                0x0000000000000173       0x39 Core/Src/system_stm32f4xx.o
 .ARM.attributes
                0x00000000000001ac       0x21 Core/Startup/startup_stm32f411vetx.o
 .ARM.attributes
                0x00000000000001cd       0x39 Drivers/STM32F4xx_HAL_Driver/Src/stm32f4xx_hal.o
 .ARM.attributes
                0x0000000000000206       0x39 Drivers/STM32F4xx_HAL_Driver/Src/stm32f4xx_hal_cortex.o
 .ARM.attributes
                0x000000000000023f       0x39 Drivers/STM32F4xx_HAL_Driver/Src/stm32f4xx_hal_gpio.o
 .ARM.attributes
                0x0000000000000278       0x39 Drivers/STM32F4xx_HAL_Driver/Src/stm32f4xx_hal_hcd.o
 .ARM.attributes
                0x00000000000002b1       0x39 Drivers/STM32F4xx_HAL_Driver/Src/stm32f4xx_hal_rcc.o
 .ARM.attributes
                0x00000000000002ea       0x39 Drivers/STM32F4xx_HAL_Driver/Src/stm32f4xx_hal_uart.o
 .ARM.attributes
                0x0000000000000323       0x39 Drivers/STM32F4xx_HAL_Driver/Src/stm32f4xx_ll_usb.o
 .ARM.attributes
                0x000000000000035c       0x39 FATFS/App/fatfs.o
 .ARM.attributes
                0x0000000000000395       0x39 FATFS/Target/usbh_diskio.o
 .ARM.attributes
                0x00000000000003ce       0x39 Middlewares/ST/STM32_USB_Host_Library/Class/MSC/Src/usbh_msc.o
 .ARM.attributes
                0x0000000000000407       0x39 Middlewares/ST/STM32_USB_Host_Library/Class/MSC/Src/usbh_msc_bot.o
 .ARM.attributes
                0x0000000000000440       0x39 Middlewares/ST/STM32_USB_Host_Library/Class/MSC/Src/usbh_msc_scsi.o
 .ARM.attributes
                0x0000000000000479       0x39 Middlewares/ST/STM32_USB_Host_Library/Core/Src/usbh_core.o
 .ARM.attributes
                0x00000000000004b2       0x39 Middlewares/ST/STM32_USB_Host_Library/Core/Src/usbh_ctlreq.o
 .ARM.attributes
                0x00000000000004eb       0x39 Middlewares/ST/STM32_USB_Host_Library/Core/Src/usbh_ioreq.o
 .ARM.attributes
                0x0000000000000524       0x39 Middlewares/ST/STM32_USB_Host_Library/Core/Src/usbh_pipes.o
 .ARM.attributes
                0x000000000000055d       0x39 Middlewares/Third_Party/FatFs/src/diskio.o
 .ARM.attributes
                0x0000000000000596       0x39 Middlewares/Third_Party/FatFs/src/ff.o
 .ARM.attributes
                0x00000000000005cf       0x39 Middlewares/Third_Party/FatFs/src/ff_gen_drv.o
 .ARM.attributes
                0x0000000000000608       0x39 Middlewares/Third_Party/FatFs/src/option/ccsbcs.o
 .ARM.attributes
                0x0000000000000641       0x39 USB_HOST/App/usb_host.o
 .ARM.attributes
                0x000000000000067a       0x39 USB_HOST/Target/usbh_conf.o
 .ARM.attributes
                0x00000000000006b3       0x39 USB_HOST/Target/usbh_platform.o
 .ARM.attributes
                0x00000000000006ec       0x34 c:/st/stm32cubeide_1.3.0/stm32cubeide/plugins/com.st.stm32cube.ide.mcu.externaltools.gnu-tools-for-stm32.7-2018-q2-update.win32_1.0.0.201904181610/tools/bin/../lib/gcc/arm-none-eabi/7.3.1/../../../../arm-none-eabi/lib/thumb/v7e-m/fpv4-sp/hard\libc_nano.a(lib_a-errno.o)
 .ARM.attributes
                0x0000000000000720       0x34 c:/st/stm32cubeide_1.3.0/stm32cubeide/plugins/com.st.stm32cube.ide.mcu.externaltools.gnu-tools-for-stm32.7-2018-q2-update.win32_1.0.0.201904181610/tools/bin/../lib/gcc/arm-none-eabi/7.3.1/../../../../arm-none-eabi/lib/thumb/v7e-m/fpv4-sp/hard\libc_nano.a(lib_a-impure.o)
 .ARM.attributes
                0x0000000000000754       0x34 c:/st/stm32cubeide_1.3.0/stm32cubeide/plugins/com.st.stm32cube.ide.mcu.externaltools.gnu-tools-for-stm32.7-2018-q2-update.win32_1.0.0.201904181610/tools/bin/../lib/gcc/arm-none-eabi/7.3.1/../../../../arm-none-eabi/lib/thumb/v7e-m/fpv4-sp/hard\libc_nano.a(lib_a-init.o)
 .ARM.attributes
                0x0000000000000788       0x34 c:/st/stm32cubeide_1.3.0/stm32cubeide/plugins/com.st.stm32cube.ide.mcu.externaltools.gnu-tools-for-stm32.7-2018-q2-update.win32_1.0.0.201904181610/tools/bin/../lib/gcc/arm-none-eabi/7.3.1/../../../../arm-none-eabi/lib/thumb/v7e-m/fpv4-sp/hard\libc_nano.a(lib_a-malloc.o)
 .ARM.attributes
                0x00000000000007bc       0x34 c:/st/stm32cubeide_1.3.0/stm32cubeide/plugins/com.st.stm32cube.ide.mcu.externaltools.gnu-tools-for-stm32.7-2018-q2-update.win32_1.0.0.201904181610/tools/bin/../lib/gcc/arm-none-eabi/7.3.1/../../../../arm-none-eabi/lib/thumb/v7e-m/fpv4-sp/hard\libc_nano.a(lib_a-memcpy-stub.o)
 .ARM.attributes
                0x00000000000007f0       0x34 c:/st/stm32cubeide_1.3.0/stm32cubeide/plugins/com.st.stm32cube.ide.mcu.externaltools.gnu-tools-for-stm32.7-2018-q2-update.win32_1.0.0.201904181610/tools/bin/../lib/gcc/arm-none-eabi/7.3.1/../../../../arm-none-eabi/lib/thumb/v7e-m/fpv4-sp/hard\libc_nano.a(lib_a-memset.o)
 .ARM.attributes
                0x0000000000000824       0x34 c:/st/stm32cubeide_1.3.0/stm32cubeide/plugins/com.st.stm32cube.ide.mcu.externaltools.gnu-tools-for-stm32.7-2018-q2-update.win32_1.0.0.201904181610/tools/bin/../lib/gcc/arm-none-eabi/7.3.1/../../../../arm-none-eabi/lib/thumb/v7e-m/fpv4-sp/hard\libc_nano.a(lib_a-nano-freer.o)
 .ARM.attributes
                0x0000000000000858       0x34 c:/st/stm32cubeide_1.3.0/stm32cubeide/plugins/com.st.stm32cube.ide.mcu.externaltools.gnu-tools-for-stm32.7-2018-q2-update.win32_1.0.0.201904181610/tools/bin/../lib/gcc/arm-none-eabi/7.3.1/../../../../arm-none-eabi/lib/thumb/v7e-m/fpv4-sp/hard\libc_nano.a(lib_a-nano-mallocr.o)
 .ARM.attributes
                0x000000000000088c       0x34 c:/st/stm32cubeide_1.3.0/stm32cubeide/plugins/com.st.stm32cube.ide.mcu.externaltools.gnu-tools-for-stm32.7-2018-q2-update.win32_1.0.0.201904181610/tools/bin/../lib/gcc/arm-none-eabi/7.3.1/../../../../arm-none-eabi/lib/thumb/v7e-m/fpv4-sp/hard\libc_nano.a(lib_a-sbrkr.o)
 .ARM.attributes
                0x00000000000008c0       0x34 c:/st/stm32cubeide_1.3.0/stm32cubeide/plugins/com.st.stm32cube.ide.mcu.externaltools.gnu-tools-for-stm32.7-2018-q2-update.win32_1.0.0.201904181610/tools/bin/../lib/gcc/arm-none-eabi/7.3.1/../../../../arm-none-eabi/lib/thumb/v7e-m/fpv4-sp/hard\libc_nano.a(lib_a-sprintf.o)
 .ARM.attributes
                0x00000000000008f4       0x20 c:/st/stm32cubeide_1.3.0/stm32cubeide/plugins/com.st.stm32cube.ide.mcu.externaltools.gnu-tools-for-stm32.7-2018-q2-update.win32_1.0.0.201904181610/tools/bin/../lib/gcc/arm-none-eabi/7.3.1/../../../../arm-none-eabi/lib/thumb/v7e-m/fpv4-sp/hard\libc_nano.a(lib_a-strcmp.o)
 .ARM.attributes
                0x0000000000000914       0x34 c:/st/stm32cubeide_1.3.0/stm32cubeide/plugins/com.st.stm32cube.ide.mcu.externaltools.gnu-tools-for-stm32.7-2018-q2-update.win32_1.0.0.201904181610/tools/bin/../lib/gcc/arm-none-eabi/7.3.1/../../../../arm-none-eabi/lib/thumb/v7e-m/fpv4-sp/hard\libc_nano.a(lib_a-strcpy.o)
 .ARM.attributes
                0x0000000000000948       0x1b c:/st/stm32cubeide_1.3.0/stm32cubeide/plugins/com.st.stm32cube.ide.mcu.externaltools.gnu-tools-for-stm32.7-2018-q2-update.win32_1.0.0.201904181610/tools/bin/../lib/gcc/arm-none-eabi/7.3.1/../../../../arm-none-eabi/lib/thumb/v7e-m/fpv4-sp/hard\libc_nano.a(lib_a-strlen.o)
 .ARM.attributes
                0x0000000000000963       0x34 c:/st/stm32cubeide_1.3.0/stm32cubeide/plugins/com.st.stm32cube.ide.mcu.externaltools.gnu-tools-for-stm32.7-2018-q2-update.win32_1.0.0.201904181610/tools/bin/../lib/gcc/arm-none-eabi/7.3.1/../../../../arm-none-eabi/lib/thumb/v7e-m/fpv4-sp/hard\libc_nano.a(lib_a-mlock.o)
 .ARM.attributes
                0x0000000000000997       0x34 c:/st/stm32cubeide_1.3.0/stm32cubeide/plugins/com.st.stm32cube.ide.mcu.externaltools.gnu-tools-for-stm32.7-2018-q2-update.win32_1.0.0.201904181610/tools/bin/../lib/gcc/arm-none-eabi/7.3.1/../../../../arm-none-eabi/lib/thumb/v7e-m/fpv4-sp/hard\libc_nano.a(lib_a-nano-svfprintf.o)
 .ARM.attributes
                0x00000000000009cb       0x34 c:/st/stm32cubeide_1.3.0/stm32cubeide/plugins/com.st.stm32cube.ide.mcu.externaltools.gnu-tools-for-stm32.7-2018-q2-update.win32_1.0.0.201904181610/tools/bin/../lib/gcc/arm-none-eabi/7.3.1/../../../../arm-none-eabi/lib/thumb/v7e-m/fpv4-sp/hard\libc_nano.a(lib_a-nano-vfprintf_i.o)
 .ARM.attributes
                0x00000000000009ff       0x34 c:/st/stm32cubeide_1.3.0/stm32cubeide/plugins/com.st.stm32cube.ide.mcu.externaltools.gnu-tools-for-stm32.7-2018-q2-update.win32_1.0.0.201904181610/tools/bin/../lib/gcc/arm-none-eabi/7.3.1/../../../../arm-none-eabi/lib/thumb/v7e-m/fpv4-sp/hard\libc_nano.a(lib_a-reent.o)
 .ARM.attributes
                0x0000000000000a33       0x20 c:/st/stm32cubeide_1.3.0/stm32cubeide/plugins/com.st.stm32cube.ide.mcu.externaltools.gnu-tools-for-stm32.7-2018-q2-update.win32_1.0.0.201904181610/tools/bin/../lib/gcc/arm-none-eabi/7.3.1/../../../../arm-none-eabi/lib/thumb/v7e-m/fpv4-sp/hard\libc_nano.a(lib_a-memchr.o)
 .ARM.attributes
                0x0000000000000a53       0x34 c:/st/stm32cubeide_1.3.0/stm32cubeide/plugins/com.st.stm32cube.ide.mcu.externaltools.gnu-tools-for-stm32.7-2018-q2-update.win32_1.0.0.201904181610/tools/bin/../lib/gcc/arm-none-eabi/7.3.1/../../../../arm-none-eabi/lib/thumb/v7e-m/fpv4-sp/hard\libc_nano.a(lib_a-memmove.o)
 .ARM.attributes
                0x0000000000000a87       0x34 c:/st/stm32cubeide_1.3.0/stm32cubeide/plugins/com.st.stm32cube.ide.mcu.externaltools.gnu-tools-for-stm32.7-2018-q2-update.win32_1.0.0.201904181610/tools/bin/../lib/gcc/arm-none-eabi/7.3.1/../../../../arm-none-eabi/lib/thumb/v7e-m/fpv4-sp/hard\libc_nano.a(lib_a-nano-reallocr.o)
 .ARM.attributes
                0x0000000000000abb       0x34 c:/st/stm32cubeide_1.3.0/stm32cubeide/plugins/com.st.stm32cube.ide.mcu.externaltools.gnu-tools-for-stm32.7-2018-q2-update.win32_1.0.0.201904181610/tools/bin/../lib/gcc/arm-none-eabi/7.3.1/../../../../arm-none-eabi/lib/thumb/v7e-m/fpv4-sp/hard\libc_nano.a(lib_a-nano-msizer.o)
 .ARM.attributes
                0x0000000000000aef       0x22 c:/st/stm32cubeide_1.3.0/stm32cubeide/plugins/com.st.stm32cube.ide.mcu.externaltools.gnu-tools-for-stm32.7-2018-q2-update.win32_1.0.0.201904181610/tools/bin/../lib/gcc/arm-none-eabi/7.3.1/thumb/v7e-m/fpv4-sp/hard\libgcc.a(_arm_addsubdf3.o)
 .ARM.attributes
                0x0000000000000b11       0x22 c:/st/stm32cubeide_1.3.0/stm32cubeide/plugins/com.st.stm32cube.ide.mcu.externaltools.gnu-tools-for-stm32.7-2018-q2-update.win32_1.0.0.201904181610/tools/bin/../lib/gcc/arm-none-eabi/7.3.1/thumb/v7e-m/fpv4-sp/hard\libgcc.a(_arm_muldivdf3.o)
 .ARM.attributes
                0x0000000000000b33       0x22 c:/st/stm32cubeide_1.3.0/stm32cubeide/plugins/com.st.stm32cube.ide.mcu.externaltools.gnu-tools-for-stm32.7-2018-q2-update.win32_1.0.0.201904181610/tools/bin/../lib/gcc/arm-none-eabi/7.3.1/thumb/v7e-m/fpv4-sp/hard\libgcc.a(_arm_fixunsdfsi.o)
 .ARM.attributes
                0x0000000000000b55       0x22 c:/st/stm32cubeide_1.3.0/stm32cubeide/plugins/com.st.stm32cube.ide.mcu.externaltools.gnu-tools-for-stm32.7-2018-q2-update.win32_1.0.0.201904181610/tools/bin/../lib/gcc/arm-none-eabi/7.3.1/thumb/v7e-m/fpv4-sp/hard\libgcc.a(_aeabi_uldivmod.o)
 .ARM.attributes
                0x0000000000000b77       0x34 c:/st/stm32cubeide_1.3.0/stm32cubeide/plugins/com.st.stm32cube.ide.mcu.externaltools.gnu-tools-for-stm32.7-2018-q2-update.win32_1.0.0.201904181610/tools/bin/../lib/gcc/arm-none-eabi/7.3.1/thumb/v7e-m/fpv4-sp/hard\libgcc.a(_udivmoddi4.o)
 .ARM.attributes